Archive member included to satisfy reference by file (symbol)

C:\projects\github\lcdfreqref\nextion-lcd\tests\upload\upload\ArduinoCore\Debug\libArduinoCore.a(main.o)
                              C:/Program Files (x86)/Atmel/Studio/7.0/Packs/atmel/ATmega_DFP/1.2.132/gcc/dev/atmega2560/avr6/crtatmega2560.o (main)
C:\projects\github\lcdfreqref\nextion-lcd\tests\upload\upload\ArduinoCore\Debug\libArduinoCore.a(wiring.o)
                              C:\projects\github\lcdfreqref\nextion-lcd\tests\upload\upload\ArduinoCore\Debug\libArduinoCore.a(main.o) (init)
C:\projects\github\lcdfreqref\nextion-lcd\tests\upload\upload\ArduinoCore\Debug\libArduinoCore.a(NexUpload.o)
                              Sketch.o (_ZN9NexUploadC1EPKchm)
C:\projects\github\lcdfreqref\nextion-lcd\tests\upload\upload\ArduinoCore\Debug\libArduinoCore.a(File.o)
                              C:\projects\github\lcdfreqref\nextion-lcd\tests\upload\upload\ArduinoCore\Debug\libArduinoCore.a(NexUpload.o) (_ZN5SDLib4File4readEv)
C:\projects\github\lcdfreqref\nextion-lcd\tests\upload\upload\ArduinoCore\Debug\libArduinoCore.a(SD.o)
                              C:\projects\github\lcdfreqref\nextion-lcd\tests\upload\upload\ArduinoCore\Debug\libArduinoCore.a(NexUpload.o) (_ZN5SDLib7SDClass5beginEh)
C:\projects\github\lcdfreqref\nextion-lcd\tests\upload\upload\ArduinoCore\Debug\libArduinoCore.a(Sd2Card.o)
                              C:\projects\github\lcdfreqref\nextion-lcd\tests\upload\upload\ArduinoCore\Debug\libArduinoCore.a(SD.o) (_ZN7Sd2Card11setSpiClockEm)
C:\projects\github\lcdfreqref\nextion-lcd\tests\upload\upload\ArduinoCore\Debug\libArduinoCore.a(SdFile.o)
                              C:\projects\github\lcdfreqref\nextion-lcd\tests\upload\upload\ArduinoCore\Debug\libArduinoCore.a(SD.o) (_ZN6SdFile7dirNameERK14directoryEntryPc)
C:\projects\github\lcdfreqref\nextion-lcd\tests\upload\upload\ArduinoCore\Debug\libArduinoCore.a(SdVolume.o)
                              C:\projects\github\lcdfreqref\nextion-lcd\tests\upload\upload\ArduinoCore\Debug\libArduinoCore.a(SdFile.o) (_ZN8SdVolume10cacheFlushEv)
C:\projects\github\lcdfreqref\nextion-lcd\tests\upload\upload\ArduinoCore\Debug\libArduinoCore.a(SPI.o)
                              C:\projects\github\lcdfreqref\nextion-lcd\tests\upload\upload\ArduinoCore\Debug\libArduinoCore.a(Sd2Card.o) (_ZN8SPIClass5beginEv)
C:\projects\github\lcdfreqref\nextion-lcd\tests\upload\upload\ArduinoCore\Debug\libArduinoCore.a(HardwareSerial.o)
                              C:\projects\github\lcdfreqref\nextion-lcd\tests\upload\upload\ArduinoCore\Debug\libArduinoCore.a(NexUpload.o) (_ZN14HardwareSerial9availableEv)
C:\projects\github\lcdfreqref\nextion-lcd\tests\upload\upload\ArduinoCore\Debug\libArduinoCore.a(HardwareSerial0.o)
                              C:\projects\github\lcdfreqref\nextion-lcd\tests\upload\upload\ArduinoCore\Debug\libArduinoCore.a(NexUpload.o) (Serial)
C:\projects\github\lcdfreqref\nextion-lcd\tests\upload\upload\ArduinoCore\Debug\libArduinoCore.a(HardwareSerial2.o)
                              C:\projects\github\lcdfreqref\nextion-lcd\tests\upload\upload\ArduinoCore\Debug\libArduinoCore.a(NexUpload.o) (Serial2)
C:\projects\github\lcdfreqref\nextion-lcd\tests\upload\upload\ArduinoCore\Debug\libArduinoCore.a(hooks.o)
                              C:\projects\github\lcdfreqref\nextion-lcd\tests\upload\upload\ArduinoCore\Debug\libArduinoCore.a(wiring.o) (yield)
C:\projects\github\lcdfreqref\nextion-lcd\tests\upload\upload\ArduinoCore\Debug\libArduinoCore.a(Print.o)
                              C:\projects\github\lcdfreqref\nextion-lcd\tests\upload\upload\ArduinoCore\Debug\libArduinoCore.a(SdFile.o) (_ZN5Print5writeEPKhj)
C:\projects\github\lcdfreqref\nextion-lcd\tests\upload\upload\ArduinoCore\Debug\libArduinoCore.a(wiring_digital.o)
                              C:\projects\github\lcdfreqref\nextion-lcd\tests\upload\upload\ArduinoCore\Debug\libArduinoCore.a(Sd2Card.o) (pinMode)
C:\projects\github\lcdfreqref\nextion-lcd\tests\upload\upload\ArduinoCore\Debug\libArduinoCore.a(WString.o)
                              C:\projects\github\lcdfreqref\nextion-lcd\tests\upload\upload\ArduinoCore\Debug\libArduinoCore.a(NexUpload.o) (_ZN6StringD2Ev)
C:\projects\github\lcdfreqref\nextion-lcd\tests\upload\upload\ArduinoCore\Debug\libArduinoCore.a(abi.o)
                              C:\projects\github\lcdfreqref\nextion-lcd\tests\upload\upload\ArduinoCore\Debug\libArduinoCore.a(Print.o) (__cxa_pure_virtual)
c:/program files (x86)/atmel/studio/7.0/toolchain/avr8/avr8-gnu-toolchain/bin/../lib/gcc/avr/5.4.0/../../../../avr/lib/avr6\libm.a(addsf3.o)
                              C:\projects\github\lcdfreqref\nextion-lcd\tests\upload\upload\ArduinoCore\Debug\libArduinoCore.a(Print.o) (__subsf3)
c:/program files (x86)/atmel/studio/7.0/toolchain/avr8/avr8-gnu-toolchain/bin/../lib/gcc/avr/5.4.0/../../../../avr/lib/avr6\libm.a(addsf3x.o)
[...]
Memory Configuration

Name             Origin             Length             Attributes
text             0x00000000         0x00100000         xr
data             0x00800200         0x0000fe00         rw !x
eeprom           0x00810000         0x00010000         rw !x
fuse             0x00820000         0x00000003         rw !x
lock             0x00830000         0x00000400         rw !x
signature        0x00840000         0x00000400         rw !x
user_signatures  0x00850000         0x00000400         rw !x
*default*        0x00000000         0xffffffff

Linker script and memory map

Address of section .data set to 0x800200
LOAD C:/Program Files (x86)/Atmel/Studio/7.0/Packs/atmel/ATmega_DFP/1.2.132/gcc/dev/atmega2560/avr6/crtatmega2560.o
LOAD Sketch.o
START GROUP
LOAD c:/program files (x86)/atmel/studio/7.0/toolchain/avr8/avr8-gnu-toolchain/bin/../lib/gcc/avr/5.4.0/../../../../avr/lib/avr6\libm.a
LOAD C:\projects\github\lcdfreqref\nextion-lcd\tests\upload\upload\ArduinoCore\Debug\libArduinoCore.a
END GROUP
LOAD c:/program files (x86)/atmel/studio/7.0/toolchain/avr8/avr8-gnu-toolchain/bin/../lib/gcc/avr/5.4.0/avr6\libgcc.a
LOAD c:/program files (x86)/atmel/studio/7.0/toolchain/avr8/avr8-gnu-toolchain/bin/../lib/gcc/avr/5.4.0/../../../../avr/lib/avr6\libm.a
START GROUP
LOAD c:/program files (x86)/atmel/studio/7.0/toolchain/avr8/avr8-gnu-toolchain/bin/../lib/gcc/avr/5.4.0/avr6\libgcc.a
LOAD c:/program files (x86)/atmel/studio/7.0/toolchain/avr8/avr8-gnu-toolchain/bin/../lib/gcc/avr/5.4.0/../../../../avr/lib/avr6\libm.a
LOAD c:/program files (x86)/atmel/studio/7.0/toolchain/avr8/avr8-gnu-toolchain/bin/../lib/gcc/avr/5.4.0/../../../../avr/lib/avr6\libc.a
LOAD C:/Program Files (x86)/Atmel/Studio/7.0/Packs/atmel/ATmega_DFP/1.2.132/gcc/dev/atmega2560/avr6\libatmega2560.a
END GROUP
                0x00100000                __TEXT_REGION_LENGTH__ = DEFINED (__TEXT_REGION_LENGTH__)?__TEXT_REGION_LENGTH__:0x100000
                0x0000fe00                __DATA_REGION_LENGTH__ = DEFINED (__DATA_REGION_LENGTH__)?__DATA_REGION_LENGTH__:0xfe00
                0x00010000                __EEPROM_REGION_LENGTH__ = DEFINED (__EEPROM_REGION_LENGTH__)?__EEPROM_REGION_LENGTH__:0x10000
                [0x00000003]                __FUSE_REGION_LENGTH__ = DEFINED (__FUSE_REGION_LENGTH__)?__FUSE_REGION_LENGTH__:0x400
                0x00000400                __LOCK_REGION_LENGTH__ = DEFINED (__LOCK_REGION_LENGTH__)?__LOCK_REGION_LENGTH__:0x400
                0x00000400                __SIGNATURE_REGION_LENGTH__ = DEFINED (__SIGNATURE_REGION_LENGTH__)?__SIGNATURE_REGION_LENGTH__:0x400
                0x00000400                __USER_SIGNATURE_REGION_LENGTH__ = DEFINED (__USER_SIGNATURE_REGION_LENGTH__)?__USER_SIGNATURE_REGION_LENGTH__:0x400

.hash
 *(.hash)

.dynsym
 *(.dynsym)

.dynstr
 *(.dynstr)

.gnu.version
 *(.gnu.version)

.gnu.version_d
 *(.gnu.version_d)

.gnu.version_r
 *(.gnu.version_r)

.rel.init
 *(.rel.init)

.rela.init
 *(.rela.init)

.rel.text
 *(.rel.text)
 *(.rel.text.*)
 *(.rel.gnu.linkonce.t*)

.rela.text
 *(.rela.text)
 *(.rela.text.*)
 *(.rela.gnu.linkonce.t*)

.rel.fini
 *(.rel.fini)

.rela.fini
 *(.rela.fini)

.rel.rodata
 *(.rel.rodata)
 *(.rel.rodata.*)
 *(.rel.gnu.linkonce.r*)

.rela.rodata
 *(.rela.rodata)
 *(.rela.rodata.*)
 *(.rela.gnu.linkonce.r*)

.rel.data
 *(.rel.data)
 *(.rel.data.*)
 *(.rel.gnu.linkonce.d*)

.rela.data
 *(.rela.data)
 *(.rela.data.*)
 *(.rela.gnu.linkonce.d*)

.rel.ctors
 *(.rel.ctors)

.rela.ctors
 *(.rela.ctors)

.rel.dtors
 *(.rel.dtors)

.rela.dtors
 *(.rela.dtors)

.rel.got
 *(.rel.got)

.rela.got
 *(.rela.got)

.rel.bss
 *(.rel.bss)

.rela.bss
 *(.rela.bss)

.rel.plt
 *(.rel.plt)

.rela.plt
 *(.rela.plt)

.text           0x00000000     0x4202
 *(.vectors)
 .vectors       0x00000000       0xe4 C:/Program Files (x86)/Atmel/Studio/7.0/Packs/atmel/ATmega_DFP/1.2.132/gcc/dev/atmega2560/avr6/crtatmega2560.o
                0x00000000                __vector_default
                0x00000000                __vectors
 *(.vectors)
 *(.progmem.gcc*)
 .progmem.gcc_sw_table.turnOffPWM
                0x000000e4       0x24 C:\projects\github\lcdfreqref\nextion-lcd\tests\upload\upload\ArduinoCore\Debug\libArduinoCore.a(wiring_digital.o)
                0x00000108                . = ALIGN (0x2)
                0x00000108                __trampolines_start = .
 *(.trampolines)
 .trampolines   0x00000108        0x0 linker stubs
 *(.trampolines*)
                0x00000108                __trampolines_end = .
 *libprintf_flt.a:*(.progmem.data)
 *libc.a:*(.progmem.data)
 *(.progmem*)
 .progmem.data._ZZN6SdFile10make83NameEPKcPhE3__c
                0x00000108       0x10 C:\projects\github\lcdfreqref\nextion-lcd\tests\upload\upload\ArduinoCore\Debug\libArduinoCore.a(SdFile.o)
 .progmem.data.digital_pin_to_timer_PGM
                0x00000118       0x46 C:\projects\github\lcdfreqref\nextion-lcd\tests\upload\upload\ArduinoCore\Debug\libArduinoCore.a(wiring_digital.o)
                0x00000118                digital_pin_to_timer_PGM
 .progmem.data.digital_pin_to_bit_mask_PGM
                0x0000015e       0x46 C:\projects\github\lcdfreqref\nextion-lcd\tests\upload\upload\ArduinoCore\Debug\libArduinoCore.a(wiring_digital.o)
                0x0000015e                digital_pin_to_bit_mask_PGM
 .progmem.data.digital_pin_to_port_PGM
                0x000001a4       0x46 C:\projects\github\lcdfreqref\nextion-lcd\tests\upload\upload\ArduinoCore\Debug\libArduinoCore.a(wiring_digital.o)
                0x000001a4                digital_pin_to_port_PGM
 .progmem.data.port_to_output_PGM
                0x000001ea       0x1a C:\projects\github\lcdfreqref\nextion-lcd\tests\upload\upload\ArduinoCore\Debug\libArduinoCore.a(wiring_digital.o)
                0x000001ea                port_to_output_PGM
 .progmem.data.port_to_mode_PGM
                0x00000204       0x1a C:\projects\github\lcdfreqref\nextion-lcd\tests\upload\upload\ArduinoCore\Debug\libArduinoCore.a(wiring_digital.o)
                0x00000204                port_to_mode_PGM
                0x0000021e                . = ALIGN (0x2)
 *(.jumptables)
 *(.jumptables*)
 *(.lowtext)
 *(.lowtext*)
                0x0000021e                __ctors_start = .
 *(.ctors)
 .ctors         0x0000021e        0x2 Sketch.o
 .ctors         0x00000220        0x2 C:\projects\github\lcdfreqref\nextion-lcd\tests\upload\upload\ArduinoCore\Debug\libArduinoCore.a(SD.o)
 .ctors         0x00000222        0x2 C:\projects\github\lcdfreqref\nextion-lcd\tests\upload\upload\ArduinoCore\Debug\libArduinoCore.a(Sd2Card.o)
 .ctors         0x00000224        0x2 C:\projects\github\lcdfreqref\nextion-lcd\tests\upload\upload\ArduinoCore\Debug\libArduinoCore.a(HardwareSerial0.o)
 .ctors         0x00000226        0x2 C:\projects\github\lcdfreqref\nextion-lcd\tests\upload\upload\ArduinoCore\Debug\libArduinoCore.a(HardwareSerial2.o)
                0x00000228                __ctors_end = .
                0x00000228                __dtors_start = .
 *(.dtors)
                0x00000228                __dtors_end = .
 SORT(*)(.ctors)
 SORT(*)(.dtors)
 *(.init0)
 .init0         0x00000228        0x0 C:/Program Files (x86)/Atmel/Studio/7.0/Packs/atmel/ATmega_DFP/1.2.132/gcc/dev/atmega2560/avr6/crtatmega2560.o
                0x00000228                __init
 *(.init0)
 *(.init1)
 *(.init1)
 *(.init2)
 .init2         0x00000228       0x10 C:/Program Files (x86)/Atmel/Studio/7.0/Packs/atmel/ATmega_DFP/1.2.132/gcc/dev/atmega2560/avr6/crtatmega2560.o
 *(.init2)
 *(.init3)
 *(.init3)
 *(.init4)
 .init4         0x00000238       0x1a c:/program files (x86)/atmel/studio/7.0/toolchain/avr8/avr8-gnu-toolchain/bin/../lib/gcc/avr/5.4.0/avr6\libgcc.a(_copy_data.o)
                0x00000238                __do_copy_data
 .init4         0x00000252       0x10 c:/program files (x86)/atmel/studio/7.0/toolchain/avr8/avr8-gnu-toolchain/bin/../lib/gcc/avr/5.4.0/avr6\libgcc.a(_clear_bss.o)
                0x00000252                __do_clear_bss
 *(.init4)
 *(.init5)
 *(.init5)
 *(.init6)
 .init6         0x00000262       0x20 c:/program files (x86)/atmel/studio/7.0/toolchain/avr8/avr8-gnu-toolchain/bin/../lib/gcc/avr/5.4.0/avr6\libgcc.a(_ctors.o)
                0x00000262                __do_global_ctors
 *(.init6)
 *(.init7)
 *(.init7)
 *(.init8)
 *(.init8)
 *(.init9)
 .init9         0x00000282        0x6 C:/Program Files (x86)/Atmel/Studio/7.0/Packs/atmel/ATmega_DFP/1.2.132/gcc/dev/atmega2560/avr6/crtatmega2560.o
 *(.init9)
 *(.text)
 .text          0x00000288        0x2 C:/Program Files (x86)/Atmel/Studio/7.0/Packs/atmel/ATmega_DFP/1.2.132/gcc/dev/atmega2560/avr6/crtatmega2560.o
                0x00000288                __vector_38
                0x00000288                __vector_22
                0x00000288                __vector_28
                0x00000288                __vector_1
                0x00000288                __vector_32
                0x00000288                __vector_34
                0x00000288                __vector_24
                0x00000288                __vector_12
                0x00000288                __vector_55
                0x00000288                __vector_46
                0x00000288                __bad_interrupt
                0x00000288                __vector_6
                0x00000288                __vector_31
                0x00000288                __vector_35
                0x00000288                __vector_39
                0x00000288                __vector_3
                0x00000288                __vector_30
                0x00000288                __vector_45
                0x00000288                __vector_11
                0x00000288                __vector_54
                0x00000288                __vector_13
                0x00000288                __vector_17
                0x00000288                __vector_19
                0x00000288                __vector_56
                0x00000288                __vector_7
                0x00000288                __vector_49
                0x00000288                __vector_41
                0x00000288                __vector_43
                0x00000288                __vector_27
                0x00000288                __vector_5
                0x00000288                __vector_33
                0x00000288                __vector_47
                0x00000288                __vector_37
                0x00000288                __vector_4
                0x00000288                __vector_44
                0x00000288                __vector_9
                0x00000288                __vector_2
                0x00000288                __vector_21
                0x00000288                __vector_15
                0x00000288                __vector_36
                0x00000288                __vector_29
                0x00000288                __vector_40
                0x00000288                __vector_8
                0x00000288                __vector_48
                0x00000288                __vector_14
                0x00000288                __vector_53
                0x00000288                __vector_10
                0x00000288                __vector_50
                0x00000288                __vector_16
                0x00000288                __vector_18
                0x00000288                __vector_20
                0x00000288                __vector_42
                0x0000028a                . = ALIGN (0x2)
 *(.text.*)
 .text.setup    0x0000028a        0x6 Sketch.o
                0x0000028a                setup
 .text.loop     0x00000290        0x2 Sketch.o
                0x00000290                loop
 .text.startup._GLOBAL__sub_I_nex_download
                0x00000292       0x1e Sketch.o
 .text.initVariant
                0x000002b0        0x2 C:\projects\github\lcdfreqref\nextion-lcd\tests\upload\upload\ArduinoCore\Debug\libArduinoCore.a(main.o)
                0x000002b0                initVariant
 .text.startup.main
                0x000002b2       0x16 C:\projects\github\lcdfreqref\nextion-lcd\tests\upload\upload\ArduinoCore\Debug\libArduinoCore.a(main.o)
                0x000002b2                main
 .text.__vector_23
                0x000002c8       0x94 C:\projects\github\lcdfreqref\nextion-lcd\tests\upload\upload\ArduinoCore\Debug\libArduinoCore.a(wiring.o)
                0x000002c8                __vector_23
 .text.millis   0x0000035c       0x18 C:\projects\github\lcdfreqref\nextion-lcd\tests\upload\upload\ArduinoCore\Debug\libArduinoCore.a(wiring.o)
                0x0000035c                millis
 .text.micros   0x00000374       0x4a C:\projects\github\lcdfreqref\nextion-lcd\tests\upload\upload\ArduinoCore\Debug\libArduinoCore.a(wiring.o)
                0x00000374                micros
 .text.delay    0x000003be       0x74 C:\projects\github\lcdfreqref\nextion-lcd\tests\upload\upload\ArduinoCore\Debug\libArduinoCore.a(wiring.o)
                0x000003be                delay
 .text.init     0x00000432       0xc4 C:\projects\github\lcdfreqref\nextion-lcd\tests\upload\upload\ArduinoCore\Debug\libArduinoCore.a(wiring.o)
                0x00000432                init
 .text._ZN9NexUploadC2EPKchm
                0x000004f6       0x4a C:\projects\github\lcdfreqref\nextion-lcd\tests\upload\upload\ArduinoCore\Debug\libArduinoCore.a(NexUpload.o)
                0x000004f6                _ZN9NexUploadC1EPKchm
                0x000004f6                _ZN9NexUploadC2EPKchm
 .text._ZN9NexUpload10_checkFileEv
                0x00000540      0x10e C:\projects\github\lcdfreqref\nextion-lcd\tests\upload\upload\ArduinoCore\Debug\libArduinoCore.a(NexUpload.o)
                0x00000540                _ZN9NexUpload10_checkFileEv
 .text._ZN9NexUpload13recvRetStringER6Stringmb
                0x0000064e       0x96 C:\projects\github\lcdfreqref\nextion-lcd\tests\upload\upload\ArduinoCore\Debug\libArduinoCore.a(NexUpload.o)
                0x0000064e                _ZN9NexUpload13recvRetStringER6Stringmb
 .text._ZN9NexUpload11sendCommandEPKc
                0x000006e4       0x48 C:\projects\github\lcdfreqref\nextion-lcd\tests\upload\upload\ArduinoCore\Debug\libArduinoCore.a(NexUpload.o)
                0x000006e4                _ZN9NexUpload11sendCommandEPKc
 .text._ZN9NexUpload15_searchBaudrateEm
                0x0000072c       0xbc C:\projects\github\lcdfreqref\nextion-lcd\tests\upload\upload\ArduinoCore\Debug\libArduinoCore.a(NexUpload.o)
                0x0000072c                _ZN9NexUpload15_searchBaudrateEm
 .text._ZN9NexUpload12_getBaudrateEv
                0x000007e8       0xac C:\projects\github\lcdfreqref\nextion-lcd\tests\upload\upload\ArduinoCore\Debug\libArduinoCore.a(NexUpload.o)
                0x000007e8                _ZN9NexUpload12_getBaudrateEv
 .text._ZN9NexUpload20_setDownloadBaudrateEm
                0x00000894      0x148 C:\projects\github\lcdfreqref\nextion-lcd\tests\upload\upload\ArduinoCore\Debug\libArduinoCore.a(NexUpload.o)
                0x00000894                _ZN9NexUpload20_setDownloadBaudrateEm
 .text._ZN9NexUpload16_downloadTftFileEv
                0x000009dc      0x118 C:\projects\github\lcdfreqref\nextion-lcd\tests\upload\upload\ArduinoCore\Debug\libArduinoCore.a(NexUpload.o)
                0x000009dc                _ZN9NexUpload16_downloadTftFileEv
 .text._ZN9NexUpload6uploadEv
                0x00000af4       0x68 C:\projects\github\lcdfreqref\nextion-lcd\tests\upload\upload\ArduinoCore\Debug\libArduinoCore.a(NexUpload.o)
                0x00000af4                _ZN9NexUpload6uploadEv
 .text._ZN5Print17availableForWriteEv
                0x00000b5c        0x6 C:\projects\github\lcdfreqref\nextion-lcd\tests\upload\upload\ArduinoCore\Debug\libArduinoCore.a(File.o)
                0x00000b5c                _ZN5Print17availableForWriteEv
 .text._ZN5Print5flushEv
                0x00000b62        0x2 C:\projects\github\lcdfreqref\nextion-lcd\tests\upload\upload\ArduinoCore\Debug\libArduinoCore.a(File.o)
                0x00000b62                _ZN5Print5flushEv
 .text._ZN5SDLib4File5writeEh
                0x00000b64       0x2c C:\projects\github\lcdfreqref\nextion-lcd\tests\upload\upload\ArduinoCore\Debug\libArduinoCore.a(File.o)
                0x00000b64                _ZN5SDLib4File5writeEh
 .text._ZN5SDLib4File5writeEPKhj
                0x00000b90       0x38 C:\projects\github\lcdfreqref\nextion-lcd\tests\upload\upload\ArduinoCore\Debug\libArduinoCore.a(File.o)
                0x00000b90                _ZN5SDLib4File5writeEPKhj
 .text._ZN5SDLib4File5flushEv
                0x00000bc8       0x10 C:\projects\github\lcdfreqref\nextion-lcd\tests\upload\upload\ArduinoCore\Debug\libArduinoCore.a(File.o)
                0x00000bc8                _ZN5SDLib4File5flushEv
 .text._ZN6SdFile4readEv
                0x00000bd8       0x2e C:\projects\github\lcdfreqref\nextion-lcd\tests\upload\upload\ArduinoCore\Debug\libArduinoCore.a(File.o)
                0x00000bd8                _ZN6SdFile4readEv
 .text._ZN5SDLib4File4readEv
                0x00000c06       0x12 C:\projects\github\lcdfreqref\nextion-lcd\tests\upload\upload\ArduinoCore\Debug\libArduinoCore.a(File.o)
                0x00000c06                _ZN5SDLib4File4readEv
 .text._ZN5SDLib4File4peekEv
                0x00000c18       0x52 C:\projects\github\lcdfreqref\nextion-lcd\tests\upload\upload\ArduinoCore\Debug\libArduinoCore.a(File.o)
                0x00000c18                _ZN5SDLib4File4peekEv
 .text._ZN5SDLib4FileC2E6SdFilePKc
                0x00000c6a       0x6a C:\projects\github\lcdfreqref\nextion-lcd\tests\upload\upload\ArduinoCore\Debug\libArduinoCore.a(File.o)
                0x00000c6a                _ZN5SDLib4FileC1E6SdFilePKc
                0x00000c6a                _ZN5SDLib4FileC2E6SdFilePKc
 .text._ZN5SDLib4FileC2Ev
                0x00000cd4       0x26 C:\projects\github\lcdfreqref\nextion-lcd\tests\upload\upload\ArduinoCore\Debug\libArduinoCore.a(File.o)
                0x00000cd4                _ZN5SDLib4FileC2Ev
                0x00000cd4                _ZN5SDLib4FileC1Ev
 .text._ZN5SDLib4File8positionEv
                0x00000cfa       0x20 C:\projects\github\lcdfreqref\nextion-lcd\tests\upload\upload\ArduinoCore\Debug\libArduinoCore.a(File.o)
                0x00000cfa                _ZN5SDLib4File8positionEv
 .text._ZN5SDLib4File4sizeEv
                0x00000d1a       0x20 C:\projects\github\lcdfreqref\nextion-lcd\tests\upload\upload\ArduinoCore\Debug\libArduinoCore.a(File.o)
                0x00000d1a                _ZN5SDLib4File4sizeEv
 .text._ZN5SDLib4File9availableEv
                0x00000d3a       0x5a C:\projects\github\lcdfreqref\nextion-lcd\tests\upload\upload\ArduinoCore\Debug\libArduinoCore.a(File.o)
                0x00000d3a                _ZN5SDLib4File9availableEv
 .text._ZN5SDLib19callback_pathExistsER6SdFilePKcbPv
                0x00000d94       0x5a C:\projects\github\lcdfreqref\nextion-lcd\tests\upload\upload\ArduinoCore\Debug\libArduinoCore.a(SD.o)
                0x00000d94                _ZN5SDLib19callback_pathExistsER6SdFilePKcbPv
 .text._ZN8SdVolume4initEP7Sd2Card
                0x00000dee       0x34 C:\projects\github\lcdfreqref\nextion-lcd\tests\upload\upload\ArduinoCore\Debug\libArduinoCore.a(SD.o)
                0x00000dee                _ZN8SdVolume4initEP7Sd2Card
 .text._ZN5SDLib20getNextPathComponentEPKcPjPc
                0x00000e22       0x8a C:\projects\github\lcdfreqref\nextion-lcd\tests\upload\upload\ArduinoCore\Debug\libArduinoCore.a(SD.o)
                0x00000e22                _ZN5SDLib20getNextPathComponentEPKcPjPc
 .text._ZN5SDLib8walkPathEPKcR6SdFilePFbS3_S1_bPvES4_
                0x00000eac      0x11e C:\projects\github\lcdfreqref\nextion-lcd\tests\upload\upload\ArduinoCore\Debug\libArduinoCore.a(SD.o)
                0x00000eac                _ZN5SDLib8walkPathEPKcR6SdFilePFbS3_S1_bPvES4_
 .text._ZN5SDLib7SDClass5beginEh
                0x00000fca       0x40 C:\projects\github\lcdfreqref\nextion-lcd\tests\upload\upload\ArduinoCore\Debug\libArduinoCore.a(SD.o)
                0x00000fca                _ZN5SDLib7SDClass5beginEh
 .text._ZN6SdFileC2ERKS_
                0x0000100a       0xa2 C:\projects\github\lcdfreqref\nextion-lcd\tests\upload\upload\ArduinoCore\Debug\libArduinoCore.a(SD.o)
                0x0000100a                _ZN6SdFileC1ERKS_
                0x0000100a                _ZN6SdFileC2ERKS_
 .text._ZN5SDLib7SDClass12getParentDirEPKcPi
                0x000010ac      0x138 C:\projects\github\lcdfreqref\nextion-lcd\tests\upload\upload\ArduinoCore\Debug\libArduinoCore.a(SD.o)
                0x000010ac                _ZN5SDLib7SDClass12getParentDirEPKcPi
 .text._ZN5SDLib7SDClass4openEPKch
                0x000011e4      0x104 C:\projects\github\lcdfreqref\nextion-lcd\tests\upload\upload\ArduinoCore\Debug\libArduinoCore.a(SD.o)
                0x000011e4                _ZN5SDLib7SDClass4openEPKch
 .text._ZN5SDLib7SDClass6existsEPKc
                0x000012e8       0x14 C:\projects\github\lcdfreqref\nextion-lcd\tests\upload\upload\ArduinoCore\Debug\libArduinoCore.a(SD.o)
                0x000012e8                _ZN5SDLib7SDClass6existsEPKc
 .text.startup._GLOBAL__sub_I__ZN5SDLib20getNextPathComponentEPKcPjPc
                0x000012fc       0x2e C:\projects\github\lcdfreqref\nextion-lcd\tests\upload\upload\ArduinoCore\Debug\libArduinoCore.a(SD.o)
 .text._ZN8SPIClass14endTransactionEv.part.3
                0x0000132a       0x1a C:\projects\github\lcdfreqref\nextion-lcd\tests\upload\upload\ArduinoCore\Debug\libArduinoCore.a(Sd2Card.o)
 .text._ZN11SPISettingsC2Emhh
                0x00001344       0x4a C:\projects\github\lcdfreqref\nextion-lcd\tests\upload\upload\ArduinoCore\Debug\libArduinoCore.a(Sd2Card.o)
                0x00001344                _ZN11SPISettingsC1Emhh
                0x00001344                _ZN11SPISettingsC2Emhh
 .text._ZN8SPIClass16beginTransactionE11SPISettings
                0x0000138e       0x34 C:\projects\github\lcdfreqref\nextion-lcd\tests\upload\upload\ArduinoCore\Debug\libArduinoCore.a(Sd2Card.o)
                0x0000138e                _ZN8SPIClass16beginTransactionE11SPISettings
 .text._ZN8SPIClass8transferEh
                0x000013c2        0xe C:\projects\github\lcdfreqref\nextion-lcd\tests\upload\upload\ArduinoCore\Debug\libArduinoCore.a(Sd2Card.o)
                0x000013c2                _ZN8SPIClass8transferEh
 .text._ZL6spiRecv
                0x000013d0        0x4 C:\projects\github\lcdfreqref\nextion-lcd\tests\upload\upload\ArduinoCore\Debug\libArduinoCore.a(Sd2Card.o)
 .text._ZN7Sd2Card14chipSelectHighEv
                0x000013d4       0x20 C:\projects\github\lcdfreqref\nextion-lcd\tests\upload\upload\ArduinoCore\Debug\libArduinoCore.a(Sd2Card.o)
                0x000013d4                _ZN7Sd2Card14chipSelectHighEv
 .text._ZN7Sd2Card13chipSelectLowEv
                0x000013f4       0x2a C:\projects\github\lcdfreqref\nextion-lcd\tests\upload\upload\ArduinoCore\Debug\libArduinoCore.a(Sd2Card.o)
                0x000013f4                _ZN7Sd2Card13chipSelectLowEv
 .text._ZN7Sd2Card7readEndEv
                0x0000141e       0x30 C:\projects\github\lcdfreqref\nextion-lcd\tests\upload\upload\ArduinoCore\Debug\libArduinoCore.a(Sd2Card.o)
                0x0000141e                _ZN7Sd2Card7readEndEv
 .text._ZN7Sd2Card10setSckRateEh
                0x0000144e       0xb4 C:\projects\github\lcdfreqref\nextion-lcd\tests\upload\upload\ArduinoCore\Debug\libArduinoCore.a(Sd2Card.o)
                0x0000144e                _ZN7Sd2Card10setSckRateEh
 .text._ZN7Sd2Card11waitNotBusyEj
                0x00001502       0x34 C:\projects\github\lcdfreqref\nextion-lcd\tests\upload\upload\ArduinoCore\Debug\libArduinoCore.a(Sd2Card.o)
                0x00001502                _ZN7Sd2Card11waitNotBusyEj
 .text._ZN7Sd2Card11cardCommandEhm
                0x00001536       0x90 C:\projects\github\lcdfreqref\nextion-lcd\tests\upload\upload\ArduinoCore\Debug\libArduinoCore.a(Sd2Card.o)
                0x00001536                _ZN7Sd2Card11cardCommandEhm
 .text._ZN7Sd2Card4initEhh
                0x000015c6      0x190 C:\projects\github\lcdfreqref\nextion-lcd\tests\upload\upload\ArduinoCore\Debug\libArduinoCore.a(Sd2Card.o)
                0x000015c6                _ZN7Sd2Card4initEhh
 .text._ZN7Sd2Card14waitStartBlockEv
                0x00001756       0x46 C:\projects\github\lcdfreqref\nextion-lcd\tests\upload\upload\ArduinoCore\Debug\libArduinoCore.a(Sd2Card.o)
                0x00001756                _ZN7Sd2Card14waitStartBlockEv
 .text._ZN7Sd2Card8readDataEmjjPh.part.6
                0x0000179c       0xec C:\projects\github\lcdfreqref\nextion-lcd\tests\upload\upload\ArduinoCore\Debug\libArduinoCore.a(Sd2Card.o)
 .text._ZN7Sd2Card8readDataEmjjPh
                0x00001888       0x1e C:\projects\github\lcdfreqref\nextion-lcd\tests\upload\upload\ArduinoCore\Debug\libArduinoCore.a(Sd2Card.o)
                0x00001888                _ZN7Sd2Card8readDataEmjjPh
 .text._ZN7Sd2Card9readBlockEmPh
                0x000018a6       0x1e C:\projects\github\lcdfreqref\nextion-lcd\tests\upload\upload\ArduinoCore\Debug\libArduinoCore.a(Sd2Card.o)
                0x000018a6                _ZN7Sd2Card9readBlockEmPh
 .text._ZN7Sd2Card9writeDataEhPKh
                0x000018c4       0x54 C:\projects\github\lcdfreqref\nextion-lcd\tests\upload\upload\ArduinoCore\Debug\libArduinoCore.a(Sd2Card.o)
                0x000018c4                _ZN7Sd2Card9writeDataEhPKh
 .text._ZN7Sd2Card10writeBlockEmPKh
                0x00001918       0x8e C:\projects\github\lcdfreqref\nextion-lcd\tests\upload\upload\ArduinoCore\Debug\libArduinoCore.a(Sd2Card.o)
                0x00001918                _ZN7Sd2Card10writeBlockEmPKh
 .text.startup._GLOBAL__sub_I__ZN7Sd2Card11cardCommandEhm
                0x000019a6        0xc C:\projects\github\lcdfreqref\nextion-lcd\tests\upload\upload\ArduinoCore\Debug\libArduinoCore.a(Sd2Card.o)
 .text._ZN6SdFile10addClusterEv
                0x000019b2       0x4e C:\projects\github\lcdfreqref\nextion-lcd\tests\upload\upload\ArduinoCore\Debug\libArduinoCore.a(SdFile.o)
                0x000019b2                _ZN6SdFile10addClusterEv
 .text._ZN6SdFile13addDirClusterEv
                0x00001a00       0xbc C:\projects\github\lcdfreqref\nextion-lcd\tests\upload\upload\ArduinoCore\Debug\libArduinoCore.a(SdFile.o)
                0x00001a00                _ZN6SdFile13addDirClusterEv
 .text._ZN6SdFile13cacheDirEntryEh
                0x00001abc       0x30 C:\projects\github\lcdfreqref\nextion-lcd\tests\upload\upload\ArduinoCore\Debug\libArduinoCore.a(SdFile.o)
                0x00001abc                _ZN6SdFile13cacheDirEntryEh
 .text._ZN6SdFile10make83NameEPKcPh
                0x00001aec       0x72 C:\projects\github\lcdfreqref\nextion-lcd\tests\upload\upload\ArduinoCore\Debug\libArduinoCore.a(SdFile.o)
                0x00001aec                _ZN6SdFile10make83NameEPKcPh
 .text._ZN6SdFile8openRootEP8SdVolume
                0x00001b5e       0xa0 C:\projects\github\lcdfreqref\nextion-lcd\tests\upload\upload\ArduinoCore\Debug\libArduinoCore.a(SdFile.o)
                0x00001b5e                _ZN6SdFile8openRootEP8SdVolume
 .text._ZN6SdFile4readEPvj
                0x00001bfe      0x204 C:\projects\github\lcdfreqref\nextion-lcd\tests\upload\upload\ArduinoCore\Debug\libArduinoCore.a(SdFile.o)
                0x00001bfe                _ZN6SdFile4readEPvj
 .text._ZN6SdFile12readDirCacheEv
                0x00001e02       0x90 C:\projects\github\lcdfreqref\nextion-lcd\tests\upload\upload\ArduinoCore\Debug\libArduinoCore.a(SdFile.o)
                0x00001e02                _ZN6SdFile12readDirCacheEv
 .text._ZN6SdFile7seekSetEm
                0x00001e92      0x12c C:\projects\github\lcdfreqref\nextion-lcd\tests\upload\upload\ArduinoCore\Debug\libArduinoCore.a(SdFile.o)
                0x00001e92                _ZN6SdFile7seekSetEm
 .text._ZN6SdFile4syncEv
                0x00001fbe       0x8a C:\projects\github\lcdfreqref\nextion-lcd\tests\upload\upload\ArduinoCore\Debug\libArduinoCore.a(SdFile.o)
                0x00001fbe                _ZN6SdFile4syncEv
 .text._ZN6SdFile5closeEv
                0x00002048       0x16 C:\projects\github\lcdfreqref\nextion-lcd\tests\upload\upload\ArduinoCore\Debug\libArduinoCore.a(SdFile.o)
                0x00002048                _ZN6SdFile5closeEv
 .text._ZN6SdFile8truncateEm
                0x0000205e      0x15a C:\projects\github\lcdfreqref\nextion-lcd\tests\upload\upload\ArduinoCore\Debug\libArduinoCore.a(SdFile.o)
                0x0000205e                _ZN6SdFile8truncateEm
 .text._ZN6SdFile15openCachedEntryEhh
                0x000021b8       0xcc C:\projects\github\lcdfreqref\nextion-lcd\tests\upload\upload\ArduinoCore\Debug\libArduinoCore.a(SdFile.o)
                0x000021b8                _ZN6SdFile15openCachedEntryEhh
 .text._ZN6SdFile4openEPS_PKch
                0x00002284      0x1cc C:\projects\github\lcdfreqref\nextion-lcd\tests\upload\upload\ArduinoCore\Debug\libArduinoCore.a(SdFile.o)
                0x00002284                _ZN6SdFile4openEPS_PKch
 .text._ZN6SdFile5writeEPKvj
                0x00002450      0x334 C:\projects\github\lcdfreqref\nextion-lcd\tests\upload\upload\ArduinoCore\Debug\libArduinoCore.a(SdFile.o)
                0x00002450                _ZN6SdFile5writeEPKvj
 .text._ZN6SdFile5writeEh
                0x00002784       0x20 C:\projects\github\lcdfreqref\nextion-lcd\tests\upload\upload\ArduinoCore\Debug\libArduinoCore.a(SdFile.o)
                0x00002784                _ZN6SdFile5writeEh
 .text._ZN8SdVolume10cacheFlushEv
                0x000027a4       0x72 C:\projects\github\lcdfreqref\nextion-lcd\tests\upload\upload\ArduinoCore\Debug\libArduinoCore.a(SdVolume.o)
                0x000027a4                _ZN8SdVolume10cacheFlushEv
 .text._ZN8SdVolume13cacheRawBlockEmh
                0x00002816       0x72 C:\projects\github\lcdfreqref\nextion-lcd\tests\upload\upload\ArduinoCore\Debug\libArduinoCore.a(SdVolume.o)
                0x00002816                _ZN8SdVolume13cacheRawBlockEmh
 .text._ZN8SdVolume14cacheZeroBlockEm
                0x00002888       0x46 C:\projects\github\lcdfreqref\nextion-lcd\tests\upload\upload\ArduinoCore\Debug\libArduinoCore.a(SdVolume.o)
                0x00002888                _ZN8SdVolume14cacheZeroBlockEm
 .text._ZNK8SdVolume6fatGetEmPm
                0x000028ce      0x104 C:\projects\github\lcdfreqref\nextion-lcd\tests\upload\upload\ArduinoCore\Debug\libArduinoCore.a(SdVolume.o)
                0x000028ce                _ZNK8SdVolume6fatGetEmPm
 .text._ZNK8SdVolume9chainSizeEmPm
                0x000029d2       0xd0 C:\projects\github\lcdfreqref\nextion-lcd\tests\upload\upload\ArduinoCore\Debug\libArduinoCore.a(SdVolume.o)
                0x000029d2                _ZNK8SdVolume9chainSizeEmPm
 .text._ZN8SdVolume6fatPutEmm
                0x00002aa2      0x140 C:\projects\github\lcdfreqref\nextion-lcd\tests\upload\upload\ArduinoCore\Debug\libArduinoCore.a(SdVolume.o)
                0x00002aa2                _ZN8SdVolume6fatPutEmm
 .text._ZN8SdVolume15allocContiguousEmPm
                0x00002be2      0x222 C:\projects\github\lcdfreqref\nextion-lcd\tests\upload\upload\ArduinoCore\Debug\libArduinoCore.a(SdVolume.o)
                0x00002be2                _ZN8SdVolume15allocContiguousEmPm
 .text._ZN8SdVolume9freeChainEm
                0x00002e04       0xa8 C:\projects\github\lcdfreqref\nextion-lcd\tests\upload\upload\ArduinoCore\Debug\libArduinoCore.a(SdVolume.o)
                0x00002e04                _ZN8SdVolume9freeChainEm
 .text._ZN8SdVolume4initEP7Sd2Cardh
                0x00002eac      0x228 C:\projects\github\lcdfreqref\nextion-lcd\tests\upload\upload\ArduinoCore\Debug\libArduinoCore.a(SdVolume.o)
                0x00002eac                _ZN8SdVolume4initEP7Sd2Cardh
 .text._ZN8SPIClass5beginEv
                0x000030d4       0x64 C:\projects\github\lcdfreqref\nextion-lcd\tests\upload\upload\ArduinoCore\Debug\libArduinoCore.a(SPI.o)
                0x000030d4                _ZN8SPIClass5beginEv
 .text._ZN14HardwareSerial9availableEv
                0x00003138       0x18 C:\projects\github\lcdfreqref\nextion-lcd\tests\upload\upload\ArduinoCore\Debug\libArduinoCore.a(HardwareSerial.o)
                0x00003138                _ZN14HardwareSerial9availableEv
 .text._ZN14HardwareSerial4peekEv
                0x00003150       0x1c C:\projects\github\lcdfreqref\nextion-lcd\tests\upload\upload\ArduinoCore\Debug\libArduinoCore.a(HardwareSerial.o)
                0x00003150                _ZN14HardwareSerial4peekEv
 .text._ZN14HardwareSerial4readEv
                0x0000316c       0x28 C:\projects\github\lcdfreqref\nextion-lcd\tests\upload\upload\ArduinoCore\Debug\libArduinoCore.a(HardwareSerial.o)
                0x0000316c                _ZN14HardwareSerial4readEv
 .text._ZN14HardwareSerial17availableForWriteEv
                0x00003194       0x1e C:\projects\github\lcdfreqref\nextion-lcd\tests\upload\upload\ArduinoCore\Debug\libArduinoCore.a(HardwareSerial.o)
                0x00003194                _ZN14HardwareSerial17availableForWriteEv
 .text._Z14serialEventRunv
                0x000031b2       0x76 C:\projects\github\lcdfreqref\nextion-lcd\tests\upload\upload\ArduinoCore\Debug\libArduinoCore.a(HardwareSerial.o)
                0x000031b2                _Z14serialEventRunv
 .text._ZN14HardwareSerial17_tx_udr_empty_irqEv
                0x00003228       0x42 C:\projects\github\lcdfreqref\nextion-lcd\tests\upload\upload\ArduinoCore\Debug\libArduinoCore.a(HardwareSerial.o)
                0x00003228                _ZN14HardwareSerial17_tx_udr_empty_irqEv
 .text._ZN14HardwareSerial5writeEh
                0x0000326a       0x8c C:\projects\github\lcdfreqref\nextion-lcd\tests\upload\upload\ArduinoCore\Debug\libArduinoCore.a(HardwareSerial.o)
                0x0000326a                _ZN14HardwareSerial5writeEh
 .text._ZN14HardwareSerial5flushEv
                0x000032f6       0x42 C:\projects\github\lcdfreqref\nextion-lcd\tests\upload\upload\ArduinoCore\Debug\libArduinoCore.a(HardwareSerial.o)
                0x000032f6                _ZN14HardwareSerial5flushEv
 .text._ZN14HardwareSerial5beginEmh
                0x00003338       0xc6 C:\projects\github\lcdfreqref\nextion-lcd\tests\upload\upload\ArduinoCore\Debug\libArduinoCore.a(HardwareSerial.o)
                0x00003338                _ZN14HardwareSerial5beginEmh
 .text.__vector_25
                0x000033fe       0x6c C:\projects\github\lcdfreqref\nextion-lcd\tests\upload\upload\ArduinoCore\Debug\libArduinoCore.a(HardwareSerial0.o)
                0x000033fe                __vector_25
 .text.__vector_26
                0x0000346a       0x52 C:\projects\github\lcdfreqref\nextion-lcd\tests\upload\upload\ArduinoCore\Debug\libArduinoCore.a(HardwareSerial0.o)
                0x0000346a                __vector_26
 .text._Z17Serial0_availablev
                0x000034bc       0x12 C:\projects\github\lcdfreqref\nextion-lcd\tests\upload\upload\ArduinoCore\Debug\libArduinoCore.a(HardwareSerial0.o)
                0x000034bc                _Z17Serial0_availablev
 .text.startup._GLOBAL__sub_I___vector_25
                0x000034ce       0x5a C:\projects\github\lcdfreqref\nextion-lcd\tests\upload\upload\ArduinoCore\Debug\libArduinoCore.a(HardwareSerial0.o)
 .text.__vector_51
                0x00003528       0x6c C:\projects\github\lcdfreqref\nextion-lcd\tests\upload\upload\ArduinoCore\Debug\libArduinoCore.a(HardwareSerial2.o)
                0x00003528                __vector_51
 .text.__vector_52
                0x00003594       0x52 C:\projects\github\lcdfreqref\nextion-lcd\tests\upload\upload\ArduinoCore\Debug\libArduinoCore.a(HardwareSerial2.o)
                0x00003594                __vector_52
 .text._Z17Serial2_availablev
                0x000035e6       0x12 C:\projects\github\lcdfreqref\nextion-lcd\tests\upload\upload\ArduinoCore\Debug\libArduinoCore.a(HardwareSerial2.o)
                0x000035e6                _Z17Serial2_availablev
 .text.startup._GLOBAL__sub_I___vector_51
                0x000035f8       0x5a C:\projects\github\lcdfreqref\nextion-lcd\tests\upload\upload\ArduinoCore\Debug\libArduinoCore.a(HardwareSerial2.o)
 .text.__empty  0x00003652        0x2 C:\projects\github\lcdfreqref\nextion-lcd\tests\upload\upload\ArduinoCore\Debug\libArduinoCore.a(hooks.o)
                0x00003652                yield
 .text._ZN5Print5writeEPKhj
                0x00003654       0x54 C:\projects\github\lcdfreqref\nextion-lcd\tests\upload\upload\ArduinoCore\Debug\libArduinoCore.a(Print.o)
                0x00003654                _ZN5Print5writeEPKhj
 .text._ZN5Print5writeEPKc
                0x000036a8       0x2a C:\projects\github\lcdfreqref\nextion-lcd\tests\upload\upload\ArduinoCore\Debug\libArduinoCore.a(Print.o)
                0x000036a8                _ZN5Print5writeEPKc
 .text._ZN5Print5printERK6String
                0x000036d2       0x1c C:\projects\github\lcdfreqref\nextion-lcd\tests\upload\upload\ArduinoCore\Debug\libArduinoCore.a(Print.o)
                0x000036d2                _ZN5Print5printERK6String
 .text._ZN5Print5printEPKc
                0x000036ee        0x2 C:\projects\github\lcdfreqref\nextion-lcd\tests\upload\upload\ArduinoCore\Debug\libArduinoCore.a(Print.o)
                0x000036ee                _ZN5Print5printEPKc
 .text._ZN5Print7printlnEv
                0x000036f0        0x6 C:\projects\github\lcdfreqref\nextion-lcd\tests\upload\upload\ArduinoCore\Debug\libArduinoCore.a(Print.o)
                0x000036f0                _ZN5Print7printlnEv
 .text._ZN5Print7printlnERK6String
                0x000036f6       0x20 C:\projects\github\lcdfreqref\nextion-lcd\tests\upload\upload\ArduinoCore\Debug\libArduinoCore.a(Print.o)
                0x000036f6                _ZN5Print7printlnERK6String
 .text._ZN5Print7printlnEPKc
                0x00003716       0x20 C:\projects\github\lcdfreqref\nextion-lcd\tests\upload\upload\ArduinoCore\Debug\libArduinoCore.a(Print.o)
                0x00003716                _ZN5Print7printlnEPKc
 .text._ZN5Print11printNumberEmh
                0x00003736       0x8e C:\projects\github\lcdfreqref\nextion-lcd\tests\upload\upload\ArduinoCore\Debug\libArduinoCore.a(Print.o)
                0x00003736                _ZN5Print11printNumberEmh
 .text._ZN5Print5printEmi
                0x000037c4       0x18 C:\projects\github\lcdfreqref\nextion-lcd\tests\upload\upload\ArduinoCore\Debug\libArduinoCore.a(Print.o)
                0x000037c4                _ZN5Print5printEmi
 .text._ZN5Print7printlnEmi
                0x000037dc       0x20 C:\projects\github\lcdfreqref\nextion-lcd\tests\upload\upload\ArduinoCore\Debug\libArduinoCore.a(Print.o)
                0x000037dc                _ZN5Print7printlnEmi
 .text.turnOffPWM
                0x000037fc       0xaa C:\projects\github\lcdfreqref\nextion-lcd\tests\upload\upload\ArduinoCore\Debug\libArduinoCore.a(wiring_digital.o)
 .text.pinMode  0x000038a6       0x78 C:\projects\github\lcdfreqref\nextion-lcd\tests\upload\upload\ArduinoCore\Debug\libArduinoCore.a(wiring_digital.o)
                0x000038a6                pinMode
 .text.digitalWrite
                0x0000391e       0x5c C:\projects\github\lcdfreqref\nextion-lcd\tests\upload\upload\ArduinoCore\Debug\libArduinoCore.a(wiring_digital.o)
                0x0000391e                digitalWrite
 .text._ZN6StringD2Ev
                0x0000397a        0x8 C:\projects\github\lcdfreqref\nextion-lcd\tests\upload\upload\ArduinoCore\Debug\libArduinoCore.a(WString.o)
                0x0000397a                _ZN6StringD2Ev
                0x0000397a                _ZN6StringD1Ev
 .text._ZN6String10invalidateEv
                0x00003982       0x22 C:\projects\github\lcdfreqref\nextion-lcd\tests\upload\upload\ArduinoCore\Debug\libArduinoCore.a(WString.o)
                0x00003982                _ZN6String10invalidateEv
 .text._ZN6String12changeBufferEj
                0x000039a4       0x32 C:\projects\github\lcdfreqref\nextion-lcd\tests\upload\upload\ArduinoCore\Debug\libArduinoCore.a(WString.o)
                0x000039a4                _ZN6String12changeBufferEj
 .text._ZN6String7reserveEj
                0x000039d6       0x36 C:\projects\github\lcdfreqref\nextion-lcd\tests\upload\upload\ArduinoCore\Debug\libArduinoCore.a(WString.o)
                0x000039d6                _ZN6String7reserveEj
 .text._ZN6String4copyEPKcj
                0x00003a0c       0x3c C:\projects\github\lcdfreqref\nextion-lcd\tests\upload\upload\ArduinoCore\Debug\libArduinoCore.a(WString.o)
                0x00003a0c                _ZN6String4copyEPKcj
 .text._ZN6StringC2EPKc
                0x00003a48       0x28 C:\projects\github\lcdfreqref\nextion-lcd\tests\upload\upload\ArduinoCore\Debug\libArduinoCore.a(WString.o)
                0x00003a48                _ZN6StringC2EPKc
                0x00003a48                _ZN6StringC1EPKc
 .text._ZN6StringaSERKS_
                0x00003a70       0x2a C:\projects\github\lcdfreqref\nextion-lcd\tests\upload\upload\ArduinoCore\Debug\libArduinoCore.a(WString.o)
                0x00003a70                _ZN6StringaSERKS_
 .text._ZN6StringaSEPKc
                0x00003a9a       0x2a C:\projects\github\lcdfreqref\nextion-lcd\tests\upload\upload\ArduinoCore\Debug\libArduinoCore.a(WString.o)
                0x00003a9a                _ZN6StringaSEPKc
 .text._ZN6StringC2Emh
                0x00003ac4       0x56 C:\projects\github\lcdfreqref\nextion-lcd\tests\upload\upload\ArduinoCore\Debug\libArduinoCore.a(WString.o)
                0x00003ac4                _ZN6StringC1Emh
                0x00003ac4                _ZN6StringC2Emh
 .text._ZN6String6concatEPKcj
                0x00003b1a       0x58 C:\projects\github\lcdfreqref\nextion-lcd\tests\upload\upload\ArduinoCore\Debug\libArduinoCore.a(WString.o)
                0x00003b1a                _ZN6String6concatEPKcj
 .text._ZN6String6concatEc
                0x00003b72       0x26 C:\projects\github\lcdfreqref\nextion-lcd\tests\upload\upload\ArduinoCore\Debug\libArduinoCore.a(WString.o)
                0x00003b72                _ZN6String6concatEc
 .text._ZplRK15StringSumHelperRK6String
                0x00003b98       0x22 C:\projects\github\lcdfreqref\nextion-lcd\tests\upload\upload\ArduinoCore\Debug\libArduinoCore.a(WString.o)
                0x00003b98                _ZplRK15StringSumHelperRK6String
 .text._ZplRK15StringSumHelperPKc
                0x00003bba       0x2e C:\projects\github\lcdfreqref\nextion-lcd\tests\upload\upload\ArduinoCore\Debug\libArduinoCore.a(WString.o)
                0x00003bba                _ZplRK15StringSumHelperPKc
 .text._ZNK6String7indexOfEcj
                0x00003be8       0x32 C:\projects\github\lcdfreqref\nextion-lcd\tests\upload\upload\ArduinoCore\Debug\libArduinoCore.a(WString.o)
                0x00003be8                _ZNK6String7indexOfEcj
 .text._ZNK6String7indexOfEc
                0x00003c1a        0x6 C:\projects\github\lcdfreqref\nextion-lcd\tests\upload\upload\ArduinoCore\Debug\libArduinoCore.a(WString.o)
                0x00003c1a                _ZNK6String7indexOfEc
 .text._ZNK6String7indexOfERKS_j
                0x00003c20       0x38 C:\projects\github\lcdfreqref\nextion-lcd\tests\upload\upload\ArduinoCore\Debug\libArduinoCore.a(WString.o)
                0x00003c20                _ZNK6String7indexOfERKS_j
 .text._ZNK6String7indexOfERKS_
                0x00003c58        0x6 C:\projects\github\lcdfreqref\nextion-lcd\tests\upload\upload\ArduinoCore\Debug\libArduinoCore.a(WString.o)
                0x00003c58                _ZNK6String7indexOfERKS_
 .text.libgcc.div
                0x00003c5e       0x44 c:/program files (x86)/atmel/studio/7.0/toolchain/avr8/avr8-gnu-toolchain/bin/../lib/gcc/avr/5.4.0/avr6\libgcc.a(_udivmodsi4.o)
                0x00003c5e                __udivmodsi4
 .text.libgcc   0x00003ca2       0x10 c:/program files (x86)/atmel/studio/7.0/toolchain/avr8/avr8-gnu-toolchain/bin/../lib/gcc/avr/5.4.0/avr6\libgcc.a(_tablejump2.o)
                0x00003ca2                __tablejump2__
 .text.libgcc.mul
                0x00003cb2       0x14 c:/program files (x86)/atmel/studio/7.0/toolchain/avr8/avr8-gnu-toolchain/bin/../lib/gcc/avr/5.4.0/avr6\libgcc.a(_muluhisi3.o)
                0x00003cb2                __muluhisi3
 .text.libgcc.mul
                0x00003cc6       0x1e c:/program files (x86)/atmel/studio/7.0/toolchain/avr8/avr8-gnu-toolchain/bin/../lib/gcc/avr/5.4.0/avr6\libgcc.a(_umulhisi3.o)
                0x00003cc6                __umulhisi3
 .text.avr-libc
                0x00003ce4      0x242 c:/program files (x86)/atmel/studio/7.0/toolchain/avr8/avr8-gnu-toolchain/bin/../lib/gcc/avr/5.4.0/../../../../avr/lib/avr6\libc.a(malloc.o)
                0x00003ce4                malloc
                0x00003e14                free
 .text.avr-libc
                0x00003f26      0x1c0 c:/program files (x86)/atmel/studio/7.0/toolchain/avr8/avr8-gnu-toolchain/bin/../lib/gcc/avr/5.4.0/../../../../avr/lib/avr6\libc.a(realloc.o)
                0x00003f26                realloc
 .text.avr-libc
                0x000040e6       0x1a c:/program files (x86)/atmel/studio/7.0/toolchain/avr8/avr8-gnu-toolchain/bin/../lib/gcc/avr/5.4.0/../../../../avr/lib/avr6\libc.a(memcmp.o)
                0x000040e6                memcmp
 .text.avr-libc
                0x00004100       0x12 c:/program files (x86)/atmel/studio/7.0/toolchain/avr8/avr8-gnu-toolchain/bin/../lib/gcc/avr/5.4.0/../../../../avr/lib/avr6\libc.a(memcpy.o)
                0x00004100                memcpy
 .text.avr-libc
                0x00004112       0x16 c:/program files (x86)/atmel/studio/7.0/toolchain/avr8/avr8-gnu-toolchain/bin/../lib/gcc/avr/5.4.0/../../../../avr/lib/avr6\libc.a(strchr.o)
                0x00004112                strchr
 .text.avr-libc
                0x00004128        0xe c:/program files (x86)/atmel/studio/7.0/toolchain/avr8/avr8-gnu-toolchain/bin/../lib/gcc/avr/5.4.0/../../../../avr/lib/avr6\libc.a(strcpy.o)
                0x00004128                strcpy
 .text.avr-libc
                0x00004136       0x1e c:/program files (x86)/atmel/studio/7.0/toolchain/avr8/avr8-gnu-toolchain/bin/../lib/gcc/avr/5.4.0/../../../../avr/lib/avr6\libc.a(strncpy.o)
                0x00004136                strncpy
 .text.avr-libc
                0x00004154       0x34 c:/program files (x86)/atmel/studio/7.0/toolchain/avr8/avr8-gnu-toolchain/bin/../lib/gcc/avr/5.4.0/../../../../avr/lib/avr6\libc.a(strstr.o)
                0x00004154                strstr
 .text.avr-libc
                0x00004188       0x14 c:/program files (x86)/atmel/studio/7.0/toolchain/avr8/avr8-gnu-toolchain/bin/../lib/gcc/avr/5.4.0/../../../../avr/lib/avr6\libc.a(ultoa.o)
                0x00004188                ultoa
                0x00004188                __ultoa
 .text.avr-libc
                0x0000419c       0x42 c:/program files (x86)/atmel/studio/7.0/toolchain/avr8/avr8-gnu-toolchain/bin/../lib/gcc/avr/5.4.0/../../../../avr/lib/avr6\libc.a(ultoa_ncheck.o)
                0x0000419c                __ultoa_ncheck
                0x0000419e                __ultoa_common
 .text.avr-libc
                0x000041de       0x20 c:/program files (x86)/atmel/studio/7.0/toolchain/avr8/avr8-gnu-toolchain/bin/../lib/gcc/avr/5.4.0/../../../../avr/lib/avr6\libc.a(strrev.o)
                0x000041de                strrev
                0x000041fe                . = ALIGN (0x2)
 *(.fini9)
 .fini9         0x000041fe        0x0 c:/program files (x86)/atmel/studio/7.0/toolchain/avr8/avr8-gnu-toolchain/bin/../lib/gcc/avr/5.4.0/avr6\libgcc.a(_exit.o)
                0x000041fe                _exit
                0x000041fe                exit
 *(.fini9)
 *(.fini8)
 *(.fini8)
 *(.fini7)
 *(.fini7)
 *(.fini6)
 *(.fini6)
 *(.fini5)
 *(.fini5)
 *(.fini4)
 *(.fini4)
 *(.fini3)
 *(.fini3)
 *(.fini2)
 *(.fini2)
 *(.fini1)
 *(.fini1)
 *(.fini0)
 .fini0         0x000041fe        0x4 c:/program files (x86)/atmel/studio/7.0/toolchain/avr8/avr8-gnu-toolchain/bin/../lib/gcc/avr/5.4.0/avr6\libgcc.a(_exit.o)
 *(.fini0)
                0x00004202                _etext = .

.data           0x00800200      0x144 load address 0x00004202
                0x00800200                PROVIDE (__data_start, .)
 *(.data)
 .data          0x00800200        0x6 c:/program files (x86)/atmel/studio/7.0/toolchain/avr8/avr8-gnu-toolchain/bin/../lib/gcc/avr/5.4.0/../../../../avr/lib/avr6\libc.a(malloc.o)
                0x00800200                __malloc_heap_end
                0x00800202                __malloc_heap_start
                0x00800204                __malloc_margin
 *(.data*)
 .data._ZN8SdVolume17cacheBlockNumber_E
                0x00800206        0x4 C:\projects\github\lcdfreqref\nextion-lcd\tests\upload\upload\ArduinoCore\Debug\libArduinoCore.a(SdVolume.o)
                0x00800206                _ZN8SdVolume17cacheBlockNumber_E
 *(.rodata)
 .rodata        0x0080020a       0x1c C:\projects\github\lcdfreqref\nextion-lcd\tests\upload\upload\ArduinoCore\Debug\libArduinoCore.a(NexUpload.o)
 *(.rodata*)
 .rodata.str1.1
                0x00800226        0x8 Sketch.o
 .rodata.str1.1
                0x0080022e       0xd8 C:\projects\github\lcdfreqref\nextion-lcd\tests\upload\upload\ArduinoCore\Debug\libArduinoCore.a(NexUpload.o)
                                 0xd9 (size before relaxing)
 .rodata._ZTVN5SDLib4FileE
                0x00800306       0x12 C:\projects\github\lcdfreqref\nextion-lcd\tests\upload\upload\ArduinoCore\Debug\libArduinoCore.a(File.o)
                0x00800306                _ZTVN5SDLib4FileE
 .rodata.str1.1
                0x00800318        0x2 C:\projects\github\lcdfreqref\nextion-lcd\tests\upload\upload\ArduinoCore\Debug\libArduinoCore.a(SD.o)
 .rodata._ZTV6SdFile
                0x0080031a        0xc C:\projects\github\lcdfreqref\nextion-lcd\tests\upload\upload\ArduinoCore\Debug\libArduinoCore.a(SdFile.o)
                0x0080031a                _ZTV6SdFile
 .rodata._ZTV14HardwareSerial
                0x00800326       0x12 C:\projects\github\lcdfreqref\nextion-lcd\tests\upload\upload\ArduinoCore\Debug\libArduinoCore.a(HardwareSerial.o)
                0x00800326                _ZTV14HardwareSerial
 .rodata.str1.1
                0x00800338        0xc C:\projects\github\lcdfreqref\nextion-lcd\tests\upload\upload\ArduinoCore\Debug\libArduinoCore.a(Print.o)
                                  0xf (size before relaxing)
 *(.gnu.linkonce.d*)
                0x00800344                . = ALIGN (0x2)
                0x00800344                _edata = .
                0x00800344                PROVIDE (__data_end, .)

.bss            0x00800344      0x3ca
                0x00800344                PROVIDE (__bss_start, .)
 *(.bss)
 *(.bss*)
 .bss.nex_download
                0x00800344       0x2a Sketch.o
                0x00800344                nex_download
 .bss.timer0_fract
                0x0080036e        0x1 C:\projects\github\lcdfreqref\nextion-lcd\tests\upload\upload\ArduinoCore\Debug\libArduinoCore.a(wiring.o)
 .bss.timer0_millis
                0x0080036f        0x4 C:\projects\github\lcdfreqref\nextion-lcd\tests\upload\upload\ArduinoCore\Debug\libArduinoCore.a(wiring.o)
                0x0080036f                timer0_millis
 .bss.timer0_overflow_count
                0x00800373        0x4 C:\projects\github\lcdfreqref\nextion-lcd\tests\upload\upload\ArduinoCore\Debug\libArduinoCore.a(wiring.o)
                0x00800373                timer0_overflow_count
 .bss._ZN5SDLib2SDE
                0x00800377       0x49 C:\projects\github\lcdfreqref\nextion-lcd\tests\upload\upload\ArduinoCore\Debug\libArduinoCore.a(SD.o)
                0x00800377                _ZN5SDLib2SDE
 .bss._ZL20chip_select_asserted
                0x008003c0        0x1 C:\projects\github\lcdfreqref\nextion-lcd\tests\upload\upload\ArduinoCore\Debug\libArduinoCore.a(Sd2Card.o)
 .bss._ZL8settings
                0x008003c1        0x2 C:\projects\github\lcdfreqref\nextion-lcd\tests\upload\upload\ArduinoCore\Debug\libArduinoCore.a(Sd2Card.o)
 .bss._ZN6SdFile9dateTime_E
                0x008003c3        0x2 C:\projects\github\lcdfreqref\nextion-lcd\tests\upload\upload\ArduinoCore\Debug\libArduinoCore.a(SdFile.o)
                0x008003c3                _ZN6SdFile9dateTime_E
 .bss._ZN8SdVolume17cacheMirrorBlock_E
                0x008003c5        0x4 C:\projects\github\lcdfreqref\nextion-lcd\tests\upload\upload\ArduinoCore\Debug\libArduinoCore.a(SdVolume.o)
                0x008003c5                _ZN8SdVolume17cacheMirrorBlock_E
 .bss._ZN8SdVolume11cacheDirty_E
                0x008003c9        0x1 C:\projects\github\lcdfreqref\nextion-lcd\tests\upload\upload\ArduinoCore\Debug\libArduinoCore.a(SdVolume.o)
                0x008003c9                _ZN8SdVolume11cacheDirty_E
 .bss._ZN8SdVolume7sdCard_E
                0x008003ca        0x2 C:\projects\github\lcdfreqref\nextion-lcd\tests\upload\upload\ArduinoCore\Debug\libArduinoCore.a(SdVolume.o)
                0x008003ca                _ZN8SdVolume7sdCard_E
 .bss._ZN8SdVolume12cacheBuffer_E
                0x008003cc      0x200 C:\projects\github\lcdfreqref\nextion-lcd\tests\upload\upload\ArduinoCore\Debug\libArduinoCore.a(SdVolume.o)
                0x008003cc                _ZN8SdVolume12cacheBuffer_E
 .bss._ZN8SPIClass13interruptSaveE
                0x008005cc        0x1 C:\projects\github\lcdfreqref\nextion-lcd\tests\upload\upload\ArduinoCore\Debug\libArduinoCore.a(SPI.o)
                0x008005cc                _ZN8SPIClass13interruptSaveE
 .bss._ZN8SPIClass13interruptMaskE
                0x008005cd        0x1 C:\projects\github\lcdfreqref\nextion-lcd\tests\upload\upload\ArduinoCore\Debug\libArduinoCore.a(SPI.o)
                0x008005cd                _ZN8SPIClass13interruptMaskE
 .bss._ZN8SPIClass13interruptModeE
                0x008005ce        0x1 C:\projects\github\lcdfreqref\nextion-lcd\tests\upload\upload\ArduinoCore\Debug\libArduinoCore.a(SPI.o)
                0x008005ce                _ZN8SPIClass13interruptModeE
 .bss._ZN8SPIClass11initializedE
                0x008005cf        0x1 C:\projects\github\lcdfreqref\nextion-lcd\tests\upload\upload\ArduinoCore\Debug\libArduinoCore.a(SPI.o)
                0x008005cf                _ZN8SPIClass11initializedE
 .bss.Serial    0x008005d0       0x9d C:\projects\github\lcdfreqref\nextion-lcd\tests\upload\upload\ArduinoCore\Debug\libArduinoCore.a(HardwareSerial0.o)
                0x008005d0                Serial
 .bss.Serial2   0x0080066d       0x9d C:\projects\github\lcdfreqref\nextion-lcd\tests\upload\upload\ArduinoCore\Debug\libArduinoCore.a(HardwareSerial2.o)
                0x0080066d                Serial2
 *(COMMON)
 COMMON         0x0080070a        0x4 c:/program files (x86)/atmel/studio/7.0/toolchain/avr8/avr8-gnu-toolchain/bin/../lib/gcc/avr/5.4.0/../../../../avr/lib/avr6\libc.a(malloc.o)
                0x0080070a                __brkval
                0x0080070c                __flp
                0x0080070e                PROVIDE (__bss_end, .)
                0x00004202                __data_load_start = LOADADDR (.data)
                0x00004346                __data_load_end = (__data_load_start + SIZEOF (.data))

.noinit         0x0080070e        0x0
                [!provide]                PROVIDE (__noinit_start, .)
 *(.noinit*)
                [!provide]                PROVIDE (__noinit_end, .)
                0x0080070e                _end = .
                0x0080070e                PROVIDE (__heap_start, .)

.eeprom         0x00810000        0x0
 *(.eeprom*)
                0x00810000                __eeprom_end = .

.fuse
 *(.fuse)
 *(.lfuse)
 *(.hfuse)
 *(.efuse)

.lock
 *(.lock*)

.signature
 *(.signature*)

.user_signatures
 *(.user_signatures*)

.stab
 *(.stab)

.stabstr
 *(.stabstr)

.stab.excl
 *(.stab.excl)

.stab.exclstr
 *(.stab.exclstr)

.stab.index
 *(.stab.index)

.stab.indexstr
 *(.stab.indexstr)

.comment        0x00000000       0x30
 *(.comment)
 .comment       0x00000000       0x30 Sketch.o
                                 0x31 (size before relaxing)
 .comment       0x00000030       0x31 C:\projects\github\lcdfreqref\nextion-lcd\tests\upload\upload\ArduinoCore\Debug\libArduinoCore.a(main.o)
 .comment       0x00000030       0x31 C:\projects\github\lcdfreqref\nextion-lcd\tests\upload\upload\ArduinoCore\Debug\libArduinoCore.a(wiring.o)
 .comment       0x00000030       0x31 C:\projects\github\lcdfreqref\nextion-lcd\tests\upload\upload\ArduinoCore\Debug\libArduinoCore.a(NexUpload.o)
 .comment       0x00000030       0x31 C:\projects\github\lcdfreqref\nextion-lcd\tests\upload\upload\ArduinoCore\Debug\libArduinoCore.a(File.o)
 .comment       0x00000030       0x31 C:\projects\github\lcdfreqref\nextion-lcd\tests\upload\upload\ArduinoCore\Debug\libArduinoCore.a(SD.o)
 .comment       0x00000030       0x31 C:\projects\github\lcdfreqref\nextion-lcd\tests\upload\upload\ArduinoCore\Debug\libArduinoCore.a(Sd2Card.o)
 .comment       0x00000030       0x31 C:\projects\github\lcdfreqref\nextion-lcd\tests\upload\upload\ArduinoCore\Debug\libArduinoCore.a(SdFile.o)
 .comment       0x00000030       0x31 C:\projects\github\lcdfreqref\nextion-lcd\tests\upload\upload\ArduinoCore\Debug\libArduinoCore.a(SdVolume.o)
 .comment       0x00000030       0x31 C:\projects\github\lcdfreqref\nextion-lcd\tests\upload\upload\ArduinoCore\Debug\libArduinoCore.a(SPI.o)
 .comment       0x00000030       0x31 C:\projects\github\lcdfreqref\nextion-lcd\tests\upload\upload\ArduinoCore\Debug\libArduinoCore.a(HardwareSerial.o)
 .comment       0x00000030       0x31 C:\projects\github\lcdfreqref\nextion-lcd\tests\upload\upload\ArduinoCore\Debug\libArduinoCore.a(HardwareSerial0.o)
 .comment       0x00000030       0x31 C:\projects\github\lcdfreqref\nextion-lcd\tests\upload\upload\ArduinoCore\Debug\libArduinoCore.a(HardwareSerial2.o)
 .comment       0x00000030       0x31 C:\projects\github\lcdfreqref\nextion-lcd\tests\upload\upload\ArduinoCore\Debug\libArduinoCore.a(hooks.o)
 .comment       0x00000030       0x31 C:\projects\github\lcdfreqref\nextion-lcd\tests\upload\upload\ArduinoCore\Debug\libArduinoCore.a(Print.o)
 .comment       0x00000030       0x31 C:\projects\github\lcdfreqref\nextion-lcd\tests\upload\upload\ArduinoCore\Debug\libArduinoCore.a(wiring_digital.o)
 .comment       0x00000030       0x31 C:\projects\github\lcdfreqref\nextion-lcd\tests\upload\upload\ArduinoCore\Debug\libArduinoCore.a(WString.o)
 .comment       0x00000030       0x31 c:/program files (x86)/atmel/studio/7.0/toolchain/avr8/avr8-gnu-toolchain/bin/../lib/gcc/avr/5.4.0/../../../../avr/lib/avr6\libc.a(malloc.o)
 .comment       0x00000030       0x31 c:/program files (x86)/atmel/studio/7.0/toolchain/avr8/avr8-gnu-toolchain/bin/../lib/gcc/avr/5.4.0/../../../../avr/lib/avr6\libc.a(realloc.o)

.note.gnu.avr.deviceinfo
                0x00000000       0x40
 .note.gnu.avr.deviceinfo
                0x00000000       0x40 C:/Program Files (x86)/Atmel/Studio/7.0/Packs/atmel/ATmega_DFP/1.2.132/gcc/dev/atmega2560/avr6/crtatmega2560.o

.note.gnu.build-id
 *(.note.gnu.build-id)

.debug
 *(.debug)

.line
 *(.line)

.debug_srcinfo
 *(.debug_srcinfo)

.debug_sfnames
 *(.debug_sfnames)

.debug_aranges  0x00000000      0xa48
 *(.debug_aranges)
 .debug_aranges
                0x00000000       0x30 Sketch.o
 .debug_aranges
                0x00000030       0x30 C:\projects\github\lcdfreqref\nextion-lcd\tests\upload\upload\ArduinoCore\Debug\libArduinoCore.a(main.o)
 .debug_aranges
                0x00000060       0x48 C:\projects\github\lcdfreqref\nextion-lcd\tests\upload\upload\ArduinoCore\Debug\libArduinoCore.a(wiring.o)
 .debug_aranges
                0x000000a8       0x68 C:\projects\github\lcdfreqref\nextion-lcd\tests\upload\upload\ArduinoCore\Debug\libArduinoCore.a(NexUpload.o)
 .debug_aranges
                0x00000110       0xb0 C:\projects\github\lcdfreqref\nextion-lcd\tests\upload\upload\ArduinoCore\Debug\libArduinoCore.a(File.o)
 .debug_aranges
                0x000001c0       0xb0 C:\projects\github\lcdfreqref\nextion-lcd\tests\upload\upload\ArduinoCore\Debug\libArduinoCore.a(SD.o)
 .debug_aranges
                0x00000270       0xf8 C:\projects\github\lcdfreqref\nextion-lcd\tests\upload\upload\ArduinoCore\Debug\libArduinoCore.a(Sd2Card.o)
 .debug_aranges
                0x00000368      0x140 C:\projects\github\lcdfreqref\nextion-lcd\tests\upload\upload\ArduinoCore\Debug\libArduinoCore.a(SdFile.o)
 .debug_aranges
                0x000004a8       0x60 C:\projects\github\lcdfreqref\nextion-lcd\tests\upload\upload\ArduinoCore\Debug\libArduinoCore.a(SdVolume.o)
 .debug_aranges
                0x00000508       0x38 C:\projects\github\lcdfreqref\nextion-lcd\tests\upload\upload\ArduinoCore\Debug\libArduinoCore.a(SPI.o)
 .debug_aranges
                0x00000540       0x68 C:\projects\github\lcdfreqref\nextion-lcd\tests\upload\upload\ArduinoCore\Debug\libArduinoCore.a(HardwareSerial.o)
 .debug_aranges
                0x000005a8       0x48 C:\projects\github\lcdfreqref\nextion-lcd\tests\upload\upload\ArduinoCore\Debug\libArduinoCore.a(HardwareSerial0.o)
 .debug_aranges
                0x000005f0       0x48 C:\projects\github\lcdfreqref\nextion-lcd\tests\upload\upload\ArduinoCore\Debug\libArduinoCore.a(HardwareSerial2.o)
 .debug_aranges
                0x00000638       0x20 C:\projects\github\lcdfreqref\nextion-lcd\tests\upload\upload\ArduinoCore\Debug\libArduinoCore.a(hooks.o)
 .debug_aranges
                0x00000658      0x100 C:\projects\github\lcdfreqref\nextion-lcd\tests\upload\upload\ArduinoCore\Debug\libArduinoCore.a(Print.o)
 .debug_aranges
                0x00000758       0x38 C:\projects\github\lcdfreqref\nextion-lcd\tests\upload\upload\ArduinoCore\Debug\libArduinoCore.a(wiring_digital.o)
 .debug_aranges
                0x00000790      0x2b8 C:\projects\github\lcdfreqref\nextion-lcd\tests\upload\upload\ArduinoCore\Debug\libArduinoCore.a(WString.o)

.debug_pubnames
 *(.debug_pubnames)

.debug_info     0x00000000    0x27195
 *(.debug_info .gnu.linkonce.wi.*)
 .debug_info    0x00000000      0xbbc C:/Program Files (x86)/Atmel/Studio/7.0/Packs/atmel/ATmega_DFP/1.2.132/gcc/dev/atmega2560/avr6/crtatmega2560.o
 .debug_info    0x00000bbc     0x1d80 Sketch.o
 .debug_info    0x0000293c      0x295 C:\projects\github\lcdfreqref\nextion-lcd\tests\upload\upload\ArduinoCore\Debug\libArduinoCore.a(main.o)
 .debug_info    0x00002bd1      0x329 C:\projects\github\lcdfreqref\nextion-lcd\tests\upload\upload\ArduinoCore\Debug\libArduinoCore.a(wiring.o)
 .debug_info    0x00002efa     0x4c8d C:\projects\github\lcdfreqref\nextion-lcd\tests\upload\upload\ArduinoCore\Debug\libArduinoCore.a(NexUpload.o)
 .debug_info    0x00007b87     0x2d78 C:\projects\github\lcdfreqref\nextion-lcd\tests\upload\upload\ArduinoCore\Debug\libArduinoCore.a(File.o)
 .debug_info    0x0000a8ff     0x4e7a C:\projects\github\lcdfreqref\nextion-lcd\tests\upload\upload\ArduinoCore\Debug\libArduinoCore.a(SD.o)
 .debug_info    0x0000f779     0x31a2 C:\projects\github\lcdfreqref\nextion-lcd\tests\upload\upload\ArduinoCore\Debug\libArduinoCore.a(Sd2Card.o)
 .debug_info    0x0001291b     0x5038 C:\projects\github\lcdfreqref\nextion-lcd\tests\upload\upload\ArduinoCore\Debug\libArduinoCore.a(SdFile.o)
 .debug_info    0x00017953     0x27fd C:\projects\github\lcdfreqref\nextion-lcd\tests\upload\upload\ArduinoCore\Debug\libArduinoCore.a(SdVolume.o)
 .debug_info    0x0001a150      0x6cd C:\projects\github\lcdfreqref\nextion-lcd\tests\upload\upload\ArduinoCore\Debug\libArduinoCore.a(SPI.o)
 .debug_info    0x0001a81d     0x1f83 C:\projects\github\lcdfreqref\nextion-lcd\tests\upload\upload\ArduinoCore\Debug\libArduinoCore.a(HardwareSerial.o)
 .debug_info    0x0001c7a0     0x1b74 C:\projects\github\lcdfreqref\nextion-lcd\tests\upload\upload\ArduinoCore\Debug\libArduinoCore.a(HardwareSerial0.o)
 .debug_info    0x0001e314     0x1b74 C:\projects\github\lcdfreqref\nextion-lcd\tests\upload\upload\ArduinoCore\Debug\libArduinoCore.a(HardwareSerial2.o)
 .debug_info    0x0001fe88       0x3e C:\projects\github\lcdfreqref\nextion-lcd\tests\upload\upload\ArduinoCore\Debug\libArduinoCore.a(hooks.o)
 .debug_info    0x0001fec6     0x295d C:\projects\github\lcdfreqref\nextion-lcd\tests\upload\upload\ArduinoCore\Debug\libArduinoCore.a(Print.o)
 .debug_info    0x00022823      0x63a C:\projects\github\lcdfreqref\nextion-lcd\tests\upload\upload\ArduinoCore\Debug\libArduinoCore.a(wiring_digital.o)
 .debug_info    0x00022e5d     0x4338 C:\projects\github\lcdfreqref\nextion-lcd\tests\upload\upload\ArduinoCore\Debug\libArduinoCore.a(WString.o)

.debug_abbrev   0x00000000     0x5263
 *(.debug_abbrev)
 .debug_abbrev  0x00000000      0xb1a C:/Program Files (x86)/Atmel/Studio/7.0/Packs/atmel/ATmega_DFP/1.2.132/gcc/dev/atmega2560/avr6/crtatmega2560.o
 .debug_abbrev  0x00000b1a      0x3a4 Sketch.o
 .debug_abbrev  0x00000ebe      0x12d C:\projects\github\lcdfreqref\nextion-lcd\tests\upload\upload\ArduinoCore\Debug\libArduinoCore.a(main.o)
 .debug_abbrev  0x00000feb      0x146 C:\projects\github\lcdfreqref\nextion-lcd\tests\upload\upload\ArduinoCore\Debug\libArduinoCore.a(wiring.o)
 .debug_abbrev  0x00001131      0x6ff C:\projects\github\lcdfreqref\nextion-lcd\tests\upload\upload\ArduinoCore\Debug\libArduinoCore.a(NexUpload.o)
 .debug_abbrev  0x00001830      0x51b C:\projects\github\lcdfreqref\nextion-lcd\tests\upload\upload\ArduinoCore\Debug\libArduinoCore.a(File.o)
 .debug_abbrev  0x00001d4b      0x819 C:\projects\github\lcdfreqref\nextion-lcd\tests\upload\upload\ArduinoCore\Debug\libArduinoCore.a(SD.o)
 .debug_abbrev  0x00002564      0x635 C:\projects\github\lcdfreqref\nextion-lcd\tests\upload\upload\ArduinoCore\Debug\libArduinoCore.a(Sd2Card.o)
 .debug_abbrev  0x00002b99      0x858 C:\projects\github\lcdfreqref\nextion-lcd\tests\upload\upload\ArduinoCore\Debug\libArduinoCore.a(SdFile.o)
 .debug_abbrev  0x000033f1      0x561 C:\projects\github\lcdfreqref\nextion-lcd\tests\upload\upload\ArduinoCore\Debug\libArduinoCore.a(SdVolume.o)
 .debug_abbrev  0x00003952      0x283 C:\projects\github\lcdfreqref\nextion-lcd\tests\upload\upload\ArduinoCore\Debug\libArduinoCore.a(SPI.o)
 .debug_abbrev  0x00003bd5      0x432 C:\projects\github\lcdfreqref\nextion-lcd\tests\upload\upload\ArduinoCore\Debug\libArduinoCore.a(HardwareSerial.o)
 .debug_abbrev  0x00004007      0x3ce C:\projects\github\lcdfreqref\nextion-lcd\tests\upload\upload\ArduinoCore\Debug\libArduinoCore.a(HardwareSerial0.o)
 .debug_abbrev  0x000043d5      0x3ce C:\projects\github\lcdfreqref\nextion-lcd\tests\upload\upload\ArduinoCore\Debug\libArduinoCore.a(HardwareSerial2.o)
 .debug_abbrev  0x000047a3       0x2a C:\projects\github\lcdfreqref\nextion-lcd\tests\upload\upload\ArduinoCore\Debug\libArduinoCore.a(hooks.o)
 .debug_abbrev  0x000047cd      0x47a C:\projects\github\lcdfreqref\nextion-lcd\tests\upload\upload\ArduinoCore\Debug\libArduinoCore.a(Print.o)
 .debug_abbrev  0x00004c47      0x15a C:\projects\github\lcdfreqref\nextion-lcd\tests\upload\upload\ArduinoCore\Debug\libArduinoCore.a(wiring_digital.o)
 .debug_abbrev  0x00004da1      0x4c2 C:\projects\github\lcdfreqref\nextion-lcd\tests\upload\upload\ArduinoCore\Debug\libArduinoCore.a(WString.o)

.debug_line     0x00000000     0x689b
 *(.debug_line .debug_line.* .debug_line_end)
 .debug_line    0x00000000      0x1f9 C:/Program Files (x86)/Atmel/Studio/7.0/Packs/atmel/ATmega_DFP/1.2.132/gcc/dev/atmega2560/avr6/crtatmega2560.o
 .debug_line    0x000001f9      0x2df Sketch.o
 .debug_line    0x000004d8      0x161 C:\projects\github\lcdfreqref\nextion-lcd\tests\upload\upload\ArduinoCore\Debug\libArduinoCore.a(main.o)
 .debug_line    0x00000639      0x2cb C:\projects\github\lcdfreqref\nextion-lcd\tests\upload\upload\ArduinoCore\Debug\libArduinoCore.a(wiring.o)
 .debug_line    0x00000904      0x5f7 C:\projects\github\lcdfreqref\nextion-lcd\tests\upload\upload\ArduinoCore\Debug\libArduinoCore.a(NexUpload.o)
 .debug_line    0x00000efb      0x5a9 C:\projects\github\lcdfreqref\nextion-lcd\tests\upload\upload\ArduinoCore\Debug\libArduinoCore.a(File.o)
 .debug_line    0x000014a4      0x7c2 C:\projects\github\lcdfreqref\nextion-lcd\tests\upload\upload\ArduinoCore\Debug\libArduinoCore.a(SD.o)
 .debug_line    0x00001c66      0xb2e C:\projects\github\lcdfreqref\nextion-lcd\tests\upload\upload\ArduinoCore\Debug\libArduinoCore.a(Sd2Card.o)
 .debug_line    0x00002794     0x123a C:\projects\github\lcdfreqref\nextion-lcd\tests\upload\upload\ArduinoCore\Debug\libArduinoCore.a(SdFile.o)
 .debug_line    0x000039ce      0x5b0 C:\projects\github\lcdfreqref\nextion-lcd\tests\upload\upload\ArduinoCore\Debug\libArduinoCore.a(SdVolume.o)
 .debug_line    0x00003f7e      0x2eb C:\projects\github\lcdfreqref\nextion-lcd\tests\upload\upload\ArduinoCore\Debug\libArduinoCore.a(SPI.o)
 .debug_line    0x00004269      0x489 C:\projects\github\lcdfreqref\nextion-lcd\tests\upload\upload\ArduinoCore\Debug\libArduinoCore.a(HardwareSerial.o)
 .debug_line    0x000046f2      0x288 C:\projects\github\lcdfreqref\nextion-lcd\tests\upload\upload\ArduinoCore\Debug\libArduinoCore.a(HardwareSerial0.o)
 .debug_line    0x0000497a      0x286 C:\projects\github\lcdfreqref\nextion-lcd\tests\upload\upload\ArduinoCore\Debug\libArduinoCore.a(HardwareSerial2.o)
 .debug_line    0x00004c00       0x41 C:\projects\github\lcdfreqref\nextion-lcd\tests\upload\upload\ArduinoCore\Debug\libArduinoCore.a(hooks.o)
 .debug_line    0x00004c41      0x681 C:\projects\github\lcdfreqref\nextion-lcd\tests\upload\upload\ArduinoCore\Debug\libArduinoCore.a(Print.o)
 .debug_line    0x000052c2      0x284 C:\projects\github\lcdfreqref\nextion-lcd\tests\upload\upload\ArduinoCore\Debug\libArduinoCore.a(wiring_digital.o)
 .debug_line    0x00005546     0x1355 C:\projects\github\lcdfreqref\nextion-lcd\tests\upload\upload\ArduinoCore\Debug\libArduinoCore.a(WString.o)

.debug_frame    0x00000000     0x284c
 *(.debug_frame)
 .debug_frame   0x00000000       0x50 Sketch.o
 .debug_frame   0x00000050       0x54 C:\projects\github\lcdfreqref\nextion-lcd\tests\upload\upload\ArduinoCore\Debug\libArduinoCore.a(main.o)
 .debug_frame   0x000000a4       0xc4 C:\projects\github\lcdfreqref\nextion-lcd\tests\upload\upload\ArduinoCore\Debug\libArduinoCore.a(wiring.o)
 .debug_frame   0x00000168      0x260 C:\projects\github\lcdfreqref\nextion-lcd\tests\upload\upload\ArduinoCore\Debug\libArduinoCore.a(NexUpload.o)
 .debug_frame   0x000003c8      0x1d0 C:\projects\github\lcdfreqref\nextion-lcd\tests\upload\upload\ArduinoCore\Debug\libArduinoCore.a(File.o)
 .debug_frame   0x00000598      0x31c C:\projects\github\lcdfreqref\nextion-lcd\tests\upload\upload\ArduinoCore\Debug\libArduinoCore.a(SD.o)
 .debug_frame   0x000008b4      0x43c C:\projects\github\lcdfreqref\nextion-lcd\tests\upload\upload\ArduinoCore\Debug\libArduinoCore.a(Sd2Card.o)
 .debug_frame   0x00000cf0      0x708 C:\projects\github\lcdfreqref\nextion-lcd\tests\upload\upload\ArduinoCore\Debug\libArduinoCore.a(SdFile.o)
 .debug_frame   0x000013f8      0x27c C:\projects\github\lcdfreqref\nextion-lcd\tests\upload\upload\ArduinoCore\Debug\libArduinoCore.a(SdVolume.o)
 .debug_frame   0x00001674       0x5c C:\projects\github\lcdfreqref\nextion-lcd\tests\upload\upload\ArduinoCore\Debug\libArduinoCore.a(SPI.o)
 .debug_frame   0x000016d0      0x110 C:\projects\github\lcdfreqref\nextion-lcd\tests\upload\upload\ArduinoCore\Debug\libArduinoCore.a(HardwareSerial.o)
 .debug_frame   0x000017e0       0xe0 C:\projects\github\lcdfreqref\nextion-lcd\tests\upload\upload\ArduinoCore\Debug\libArduinoCore.a(HardwareSerial0.o)
 .debug_frame   0x000018c0       0xe0 C:\projects\github\lcdfreqref\nextion-lcd\tests\upload\upload\ArduinoCore\Debug\libArduinoCore.a(HardwareSerial2.o)
 .debug_frame   0x000019a0       0x24 C:\projects\github\lcdfreqref\nextion-lcd\tests\upload\upload\ArduinoCore\Debug\libArduinoCore.a(hooks.o)
 .debug_frame   0x000019c4      0x3ac C:\projects\github\lcdfreqref\nextion-lcd\tests\upload\upload\ArduinoCore\Debug\libArduinoCore.a(Print.o)
 .debug_frame   0x00001d70       0x7c C:\projects\github\lcdfreqref\nextion-lcd\tests\upload\upload\ArduinoCore\Debug\libArduinoCore.a(wiring_digital.o)
 .debug_frame   0x00001dec      0xa60 C:\projects\github\lcdfreqref\nextion-lcd\tests\upload\upload\ArduinoCore\Debug\libArduinoCore.a(WString.o)

.debug_str      0x00000000     0x58d3
 *(.debug_str)
 .debug_str     0x00000000      0x3e6 C:/Program Files (x86)/Atmel/Studio/7.0/Packs/atmel/ATmega_DFP/1.2.132/gcc/dev/atmega2560/avr6/crtatmega2560.o
 .debug_str     0x000003e6     0x1628 Sketch.o
                               0x173b (size before relaxing)
 .debug_str     0x00001a0e       0xaa C:\projects\github\lcdfreqref\nextion-lcd\tests\upload\upload\ArduinoCore\Debug\libArduinoCore.a(main.o)
                                0x2b7 (size before relaxing)
 .debug_str     0x00001ab8      0x161 C:\projects\github\lcdfreqref\nextion-lcd\tests\upload\upload\ArduinoCore\Debug\libArduinoCore.a(wiring.o)
                                0x24d (size before relaxing)
 .debug_str     0x00001c19     0x19a4 C:\projects\github\lcdfreqref\nextion-lcd\tests\upload\upload\ArduinoCore\Debug\libArduinoCore.a(NexUpload.o)
                               0x312c (size before relaxing)
 .debug_str     0x000035bd      0x477 C:\projects\github\lcdfreqref\nextion-lcd\tests\upload\upload\ArduinoCore\Debug\libArduinoCore.a(File.o)
                               0x1dc1 (size before relaxing)
 .debug_str     0x00003a34      0x488 C:\projects\github\lcdfreqref\nextion-lcd\tests\upload\upload\ArduinoCore\Debug\libArduinoCore.a(SD.o)
                               0x2df9 (size before relaxing)
 .debug_str     0x00003ebc      0x46c C:\projects\github\lcdfreqref\nextion-lcd\tests\upload\upload\ArduinoCore\Debug\libArduinoCore.a(Sd2Card.o)
                               0x12f0 (size before relaxing)
 .debug_str     0x00004328      0x8ca C:\projects\github\lcdfreqref\nextion-lcd\tests\upload\upload\ArduinoCore\Debug\libArduinoCore.a(SdFile.o)
                               0x274e (size before relaxing)
 .debug_str     0x00004bf2       0xfb C:\projects\github\lcdfreqref\nextion-lcd\tests\upload\upload\ArduinoCore\Debug\libArduinoCore.a(SdVolume.o)
                               0x1af5 (size before relaxing)
 .debug_str     0x00004ced       0xe9 C:\projects\github\lcdfreqref\nextion-lcd\tests\upload\upload\ArduinoCore\Debug\libArduinoCore.a(SPI.o)
                                0x6b0 (size before relaxing)
 .debug_str     0x00004dd6      0x3b5 C:\projects\github\lcdfreqref\nextion-lcd\tests\upload\upload\ArduinoCore\Debug\libArduinoCore.a(HardwareSerial.o)
                               0x16c7 (size before relaxing)
 .debug_str     0x0000518b       0x47 C:\projects\github\lcdfreqref\nextion-lcd\tests\upload\upload\ArduinoCore\Debug\libArduinoCore.a(HardwareSerial0.o)
                               0x140b (size before relaxing)
 .debug_str     0x000051d2       0x47 C:\projects\github\lcdfreqref\nextion-lcd\tests\upload\upload\ArduinoCore\Debug\libArduinoCore.a(HardwareSerial2.o)
                               0x140c (size before relaxing)
 .debug_str     0x00005219       0x1c C:\projects\github\lcdfreqref\nextion-lcd\tests\upload\upload\ArduinoCore\Debug\libArduinoCore.a(hooks.o)
                                0x142 (size before relaxing)
 .debug_str     0x00005235      0x295 C:\projects\github\lcdfreqref\nextion-lcd\tests\upload\upload\ArduinoCore\Debug\libArduinoCore.a(Print.o)
                               0x1245 (size before relaxing)
 .debug_str     0x000054ca       0x72 C:\projects\github\lcdfreqref\nextion-lcd\tests\upload\upload\ArduinoCore\Debug\libArduinoCore.a(wiring_digital.o)
                                0x2b2 (size before relaxing)
 .debug_str     0x0000553c      0x397 C:\projects\github\lcdfreqref\nextion-lcd\tests\upload\upload\ArduinoCore\Debug\libArduinoCore.a(WString.o)
                               0x1198 (size before relaxing)

.debug_loc      0x00000000    0x1023b
 *(.debug_loc)
 .debug_loc     0x00000000       0x58 Sketch.o
 .debug_loc     0x00000058      0x28d C:\projects\github\lcdfreqref\nextion-lcd\tests\upload\upload\ArduinoCore\Debug\libArduinoCore.a(wiring.o)
 .debug_loc     0x000002e5      0xd23 C:\projects\github\lcdfreqref\nextion-lcd\tests\upload\upload\ArduinoCore\Debug\libArduinoCore.a(NexUpload.o)
 .debug_loc     0x00001008      0x8ed C:\projects\github\lcdfreqref\nextion-lcd\tests\upload\upload\ArduinoCore\Debug\libArduinoCore.a(File.o)
 .debug_loc     0x000018f5     0x17f1 C:\projects\github\lcdfreqref\nextion-lcd\tests\upload\upload\ArduinoCore\Debug\libArduinoCore.a(SD.o)
 .debug_loc     0x000030e6     0x2037 C:\projects\github\lcdfreqref\nextion-lcd\tests\upload\upload\ArduinoCore\Debug\libArduinoCore.a(Sd2Card.o)
 .debug_loc     0x0000511d     0x332c C:\projects\github\lcdfreqref\nextion-lcd\tests\upload\upload\ArduinoCore\Debug\libArduinoCore.a(SdFile.o)
 .debug_loc     0x00008449     0x1001 C:\projects\github\lcdfreqref\nextion-lcd\tests\upload\upload\ArduinoCore\Debug\libArduinoCore.a(SdVolume.o)
 .debug_loc     0x0000944a      0x1f0 C:\projects\github\lcdfreqref\nextion-lcd\tests\upload\upload\ArduinoCore\Debug\libArduinoCore.a(SPI.o)
 .debug_loc     0x0000963a      0x482 C:\projects\github\lcdfreqref\nextion-lcd\tests\upload\upload\ArduinoCore\Debug\libArduinoCore.a(HardwareSerial.o)
 .debug_loc     0x00009abc      0x1b0 C:\projects\github\lcdfreqref\nextion-lcd\tests\upload\upload\ArduinoCore\Debug\libArduinoCore.a(HardwareSerial0.o)
 .debug_loc     0x00009c6c      0x1b0 C:\projects\github\lcdfreqref\nextion-lcd\tests\upload\upload\ArduinoCore\Debug\libArduinoCore.a(HardwareSerial2.o)
 .debug_loc     0x00009e1c     0x1c87 C:\projects\github\lcdfreqref\nextion-lcd\tests\upload\upload\ArduinoCore\Debug\libArduinoCore.a(Print.o)
 .debug_loc     0x0000baa3      0x56b C:\projects\github\lcdfreqref\nextion-lcd\tests\upload\upload\ArduinoCore\Debug\libArduinoCore.a(wiring_digital.o)
 .debug_loc     0x0000c00e     0x422d C:\projects\github\lcdfreqref\nextion-lcd\tests\upload\upload\ArduinoCore\Debug\libArduinoCore.a(WString.o)

.debug_macinfo
 *(.debug_macinfo)

.debug_weaknames
 *(.debug_weaknames)

.debug_funcnames
 *(.debug_funcnames)

.debug_typenames
 *(.debug_typenames)

.debug_varnames
 *(.debug_varnames)

.debug_pubtypes
 *(.debug_pubtypes)

.debug_ranges   0x00000000      0xc10
 *(.debug_ranges)
 .debug_ranges  0x00000000       0x20 Sketch.o
 .debug_ranges  0x00000020       0x20 C:\projects\github\lcdfreqref\nextion-lcd\tests\upload\upload\ArduinoCore\Debug\libArduinoCore.a(main.o)
 .debug_ranges  0x00000040       0x38 C:\projects\github\lcdfreqref\nextion-lcd\tests\upload\upload\ArduinoCore\Debug\libArduinoCore.a(wiring.o)
 .debug_ranges  0x00000078       0xa0 C:\projects\github\lcdfreqref\nextion-lcd\tests\upload\upload\ArduinoCore\Debug\libArduinoCore.a(NexUpload.o)
 .debug_ranges  0x00000118       0xa0 C:\projects\github\lcdfreqref\nextion-lcd\tests\upload\upload\ArduinoCore\Debug\libArduinoCore.a(File.o)
 .debug_ranges  0x000001b8       0xb8 C:\projects\github\lcdfreqref\nextion-lcd\tests\upload\upload\ArduinoCore\Debug\libArduinoCore.a(SD.o)
 .debug_ranges  0x00000270       0xe8 C:\projects\github\lcdfreqref\nextion-lcd\tests\upload\upload\ArduinoCore\Debug\libArduinoCore.a(Sd2Card.o)
 .debug_ranges  0x00000358      0x310 C:\projects\github\lcdfreqref\nextion-lcd\tests\upload\upload\ArduinoCore\Debug\libArduinoCore.a(SdFile.o)
 .debug_ranges  0x00000668       0x68 C:\projects\github\lcdfreqref\nextion-lcd\tests\upload\upload\ArduinoCore\Debug\libArduinoCore.a(SdVolume.o)
 .debug_ranges  0x000006d0       0x28 C:\projects\github\lcdfreqref\nextion-lcd\tests\upload\upload\ArduinoCore\Debug\libArduinoCore.a(SPI.o)
 .debug_ranges  0x000006f8       0x58 C:\projects\github\lcdfreqref\nextion-lcd\tests\upload\upload\ArduinoCore\Debug\libArduinoCore.a(HardwareSerial.o)
 .debug_ranges  0x00000750       0x38 C:\projects\github\lcdfreqref\nextion-lcd\tests\upload\upload\ArduinoCore\Debug\libArduinoCore.a(HardwareSerial0.o)
 .debug_ranges  0x00000788       0x38 C:\projects\github\lcdfreqref\nextion-lcd\tests\upload\upload\ArduinoCore\Debug\libArduinoCore.a(HardwareSerial2.o)
 .debug_ranges  0x000007c0       0x10 C:\projects\github\lcdfreqref\nextion-lcd\tests\upload\upload\ArduinoCore\Debug\libArduinoCore.a(hooks.o)
 .debug_ranges  0x000007d0      0x120 C:\projects\github\lcdfreqref\nextion-lcd\tests\upload\upload\ArduinoCore\Debug\libArduinoCore.a(Print.o)
 .debug_ranges  0x000008f0       0x28 C:\projects\github\lcdfreqref\nextion-lcd\tests\upload\upload\ArduinoCore\Debug\libArduinoCore.a(wiring_digital.o)
 .debug_ranges  0x00000918      0x2f8 C:\projects\github\lcdfreqref\nextion-lcd\tests\upload\upload\ArduinoCore\Debug\libArduinoCore.a(WString.o)

.debug_macro
 *(.debug_macro)
OUTPUT(Upload.elf elf32-avr)
LOAD linker stubs
